Archive member included to satisfy reference by file (symbol)

C:/devkitPro/libogc/lib/wii\libzip.a(unzip.o)
                              menu.o (unzGetGlobalInfo)
C:/devkitPro/libogc/lib/wii\libzip.a(ioapi.o)
                              C:/devkitPro/libogc/lib/wii\libzip.a(unzip.o) (fill_fopen_filefunc)
C:/Users/Nayte/Desktop/thememanager/ThemeManager/lib\libpng.a(png.o)
                              pngu.o (png_set_sig_bytes)
C:/Users/Nayte/Desktop/thememanager/ThemeManager/lib\libpng.a(pngerror.o)
                              C:/Users/Nayte/Desktop/thememanager/ThemeManager/lib\libpng.a(png.o) (png_error)
C:/Users/Nayte/Desktop/thememanager/ThemeManager/lib\libpng.a(pngget.o)
                              pngu.o (png_get_rowbytes)
C:/Users/Nayte/Desktop/thememanager/ThemeManager/lib\libpng.a(pngmem.o)
                              C:/Users/Nayte/Desktop/thememanager/ThemeManager/lib\libpng.a(png.o) (png_create_struct_2)
C:/Users/Nayte/Desktop/thememanager/ThemeManager/lib\libpng.a(pngread.o)
                              pngu.o (png_create_read_struct)
C:/Users/Nayte/Desktop/thememanager/ThemeManager/lib\libpng.a(pngrio.o)
                              C:/Users/Nayte/Desktop/thememanager/ThemeManager/lib\libpng.a(pngread.o) (png_read_data)
C:/Users/Nayte/Desktop/thememanager/ThemeManager/lib\libpng.a(pngrtran.o)
                              pngu.o (png_set_strip_16)
C:/Users/Nayte/Desktop/thememanager/ThemeManager/lib\libpng.a(pngrutil.o)
                              C:/Users/Nayte/Desktop/thememanager/ThemeManager/lib\libpng.a(pngread.o) (png_crc_read)
C:/Users/Nayte/Desktop/thememanager/ThemeManager/lib\libpng.a(pngset.o)
                              C:/Users/Nayte/Desktop/thememanager/ThemeManager/lib\libpng.a(pngrutil.o) (png_set_bKGD)
C:/Users/Nayte/Desktop/thememanager/ThemeManager/lib\libpng.a(pngtrans.o)
                              C:/Users/Nayte/Desktop/thememanager/ThemeManager/lib\libpng.a(pngread.o) (png_set_bgr)
C:/Users/Nayte/Desktop/thememanager/ThemeManager/lib\libpng.a(pngwio.o)
                              pngu.o (png_set_write_fn)
C:/Users/Nayte/Desktop/thememanager/ThemeManager/lib\libpng.a(pngwrite.o)
                              pngu.o (png_write_end)
C:/Users/Nayte/Desktop/thememanager/ThemeManager/lib\libpng.a(pngwtran.o)
                              C:/Users/Nayte/Desktop/thememanager/ThemeManager/lib\libpng.a(pngwrite.o) (png_do_write_transformations)
C:/Users/Nayte/Desktop/thememanager/ThemeManager/lib\libpng.a(pngwutil.o)
                              C:/Users/Nayte/Desktop/thememanager/ThemeManager/lib\libpng.a(pngwrite.o) (png_write_sig)
C:/devkitPro/libogc/lib/wii\libz.a(crc32.o)
                              C:/devkitPro/libogc/lib/wii\libzip.a(unzip.o) (get_crc_table)
C:/devkitPro/libogc/lib/wii\libz.a(deflate.o)
                              C:/Users/Nayte/Desktop/thememanager/ThemeManager/lib\libpng.a(pngwutil.o) (deflateReset)
C:/devkitPro/libogc/lib/wii\libz.a(inflate.o)
                              C:/Users/Nayte/Desktop/thememanager/ThemeManager/lib\libpng.a(png.o) (inflateReset)
C:/devkitPro/libogc/lib/wii\libz.a(inftrees.o)
                              C:/devkitPro/libogc/lib/wii\libz.a(inflate.o) (inflate_table)
C:/devkitPro/libogc/lib/wii\libz.a(trees.o)
                              C:/devkitPro/libogc/lib/wii\libz.a(deflate.o) (_tr_init)
C:/devkitPro/libogc/lib/wii\libz.a(zutil.o)
                              C:/devkitPro/libogc/lib/wii\libz.a(deflate.o) (zcalloc)
C:/devkitPro/libogc/lib/wii\libz.a(adler32.o)
                              C:/devkitPro/libogc/lib/wii\libz.a(deflate.o) (adler32)
C:/devkitPro/libogc/lib/wii\libz.a(inffast.o)
                              C:/devkitPro/libogc/lib/wii\libz.a(inflate.o) (inflate_fast)
C:/devkitPro/libogc/lib/wii\libwiiuse.a(wpad.o)
                              wpad.o (WPAD_SetDataFormat)
C:/devkitPro/libogc/lib/wii\libwiiuse.a(motion_plus.o)
                              C:/devkitPro/libogc/lib/wii\libwiiuse.a(wpad.o) (wiiuse_set_motion_plus)
C:/devkitPro/libogc/lib/wii\libwiiuse.a(dynamics.o)
                              C:/devkitPro/libogc/lib/wii\libwiiuse.a(wpad.o) (calculate_gforce)
C:/devkitPro/libogc/lib/wii\libwiiuse.a(io.o)
                              C:/devkitPro/libogc/lib/wii\libwiiuse.a(motion_plus.o) (wiiuse_disable_expansion)
C:/devkitPro/libogc/lib/wii\libwiiuse.a(io_wii.o)
                              C:/devkitPro/libogc/lib/wii\libwiiuse.a(wpad.o) (__wiiuse_sensorbar_enable)
C:/devkitPro/libogc/lib/wii\libwiiuse.a(ir.o)
                              C:/devkitPro/libogc/lib/wii\libwiiuse.a(motion_plus.o) (wiiuse_set_ir_mode)
C:/devkitPro/libogc/lib/wii\libwiiuse.a(nunchuk.o)
                              C:/devkitPro/libogc/lib/wii\libwiiuse.a(io.o) (nunchuk_handshake)
C:/devkitPro/libogc/lib/wii\libwiiuse.a(wiiboard.o)
                              C:/devkitPro/libogc/lib/wii\libwiiuse.a(io.o) (wii_board_handshake)
C:/devkitPro/libogc/lib/wii\libwiiuse.a(wiiuse.o)
[...]
Memory Configuration

Name             Origin             Length             Attributes
*default*        0x00000000         0xffffffff

Linker script and memory map

                0x00003400                        . = 0x3400

.stub
 *(.stub)
                0x80004000                        . = 0x80004000

.init           0x80dfff00      0x194
 *crt0.o(*.init)
 .init          0x80dfff00      0x170 C:/devkitPro/libogc/lib/wii\libogc.a(ogc_crt0.o)
                0x80dfff00                _start
                0x80e00040                _memset
 *(.init)
 .init          0x80e00070        0xc C:/devkitPro/devkitPPC/bin/../lib/gcc/powerpc-eabi/15.1.0/ecrti.o
                0x80e00070                __init
 .init          0x80e0007c        0x4 C:/devkitPro/devkitPPC/bin/../lib/gcc/powerpc-eabi/15.1.0/crtbegin.o
 .init          0x80e00080        0x4 C:/devkitPro/devkitPPC/bin/../lib/gcc/powerpc-eabi/15.1.0/crtend.o
 .init          0x80e00084       0x10 C:/devkitPro/devkitPPC/bin/../lib/gcc/powerpc-eabi/15.1.0/ecrtn.o

.rela.dyn       0x80e00094        0x0
 .rela.iplt     0x80e00094        0x0 C:/devkitPro/devkitPPC/bin/../lib/gcc/powerpc-eabi/15.1.0/crtbegin.o

.plt
 *(.plt)

.interp
 *(.interp)

.hash
 *(.hash)

.dynsym
 *(.dynsym)

.dynstr
 *(.dynstr)

.gnu.version
 *(.gnu.version)

.gnu.version_d
 *(.gnu.version_d)

.gnu.version_r
 *(.gnu.version_r)

.rel.init
 *(.rel.init)

.rela.init
 *(.rela.init)

.rel.text
 *(.rel.text .rel.text.* .rel.gnu.linkonce.t.*)

.rela.text      0x80e00094        0x0
 *(.rela.text .rela.text.* .rela.gnu.linkonce.t.*)
 .rela.text.__do_global_dtors_aux
                0x80e00094        0x0 C:/devkitPro/devkitPPC/bin/../lib/gcc/powerpc-eabi/15.1.0/crtbegin.o
 .rela.text.frame_dummy
                0x80e00094        0x0 C:/devkitPro/devkitPPC/bin/../lib/gcc/powerpc-eabi/15.1.0/crtbegin.o
 .rela.text.unlikely.abort
                0x80e00094        0x0 C:/devkitPro/devkitPPC/bin/../lib/gcc/powerpc-eabi/15.1.0/crtbegin.o
 .rela.text.__assert_func
                0x80e00094        0x0 C:/devkitPro/devkitPPC/bin/../lib/gcc/powerpc-eabi/15.1.0/crtbegin.o

.rel.fini
 *(.rel.fini)

.rela.fini
 *(.rela.fini)

.rel.rodata
 *(.rel.rodata .rel.rodata.* .rel.gnu.linkonce.r.*)

.rela.rodata
 *(.rela.rodata .rela.rodata.* .rela.gnu.linkonce.r.*)

.rel.data
 *(.rel.data .rel.data.* .rel.gnu.linkonce.d.*)

.rela.data
 *(.rela.data .rela.data.* .rela.gnu.linkonce.d.*)

.rel.tdata
 *(.rel.tdata .rel.tdata.* .rel.gnu.linkonce.td.*)

.rela.tdata
 *(.rela.tdata .rela.tdata.* .rela.gnu.linkonce.td.*)

.rel.tbss
 *(.rel.tbss .rel.tbss.* .rel.gnu.linkonce.tb.*)

.rela.tbss
 *(.rela.tbss .rela.tbss.* .rela.gnu.linkonce.tb.*)

.rel.ctors
 *(.rel.ctors)

.rela.ctors
 *(.rela.ctors)

.rel.dtors
 *(.rel.dtors)

.rela.dtors
 *(.rela.dtors)

.rel.got
 *(.rel.got)

.rela.got
 *(.rela.got)

.rela.got1
 *(.rela.got1)

.rela.got2
 *(.rela.got2)

.rel.sdata
 *(.rel.sdata .rel.sdata.* .rel.gnu.linkonce.s.*)

.rela.sdata
 *(.rela.sdata .rela.sdata.* .rela.gnu.linkonce.s.*)

.rel.sbss
 *(.rel.sbss .rel.sbss.* .rel.gnu.linkonce.sb.*)

.rela.sbss
 *(.rela.sbss .rela.sbss.* .rel.gnu.linkonce.sb.*)

.rel.sdata2
 *(.rel.sdata2 .rel.sdata2.* .rel.gnu.linkonce.s2.*)

.rela.sdata2
 *(.rela.sdata2 .rela.sdata2.* .rela.gnu.linkonce.s2.*)

.rel.sbss2
 *(.rel.sbss2 .rel.sbss2.* .rel.gnu.linkonce.sb2.*)

.rela.sbss2
 *(.rela.sbss2 .rela.sbss2.* .rela.gnu.linkonce.sb2.*)

.rel.bss
 *(.rel.bss .rel.bss.* .rel.gnu.linkonce.b.*)

.rela.bss
 *(.rela.bss .rela.bss.* .rela.gnu.linkonce.b.*)

.rel.plt
 *(.rel.plt)

.rela.plt
 *(.rela.plt)

.text           0x80e000a0    0x7a5a0
 *(.text)
 .text          0x80e000a0      0x44c C:/devkitPro/libogc/lib/wii\libogc.a(lwp_handler.o)
                0x80e000a0                _cpu_context_save_fp
                0x80e001e0                _cpu_context_restore_fp
                0x80e00320                _cpu_context_switch
                0x80e00400                _cpu_context_save
                0x80e00480                _cpu_context_restore
 .text          0x80e004ec      0x1ac C:/devkitPro/libogc/lib/wii\libogc.a(irq_handler.o)
                0x80e004ec                irq_exceptionhandler
 .text          0x80e00698      0x118 C:/devkitPro/libogc/lib/wii\libogc.a(video_asm.o)
                0x80e00698                __VIClearFramebuffer
 .text          0x80e007b0      0x4f4 C:/devkitPro/libogc/lib/wii\libogc.a(cache_asm.o)
                0x80e007b0                DCFlashInvalidate
                0x80e007c4                DCEnable
                0x80e007d8                DCDisable
                0x80e007ec                DCFreeze
                0x80e00800                DCUnfreeze
                0x80e00814                DCTouchLoad
                0x80e0081c                DCBlockZero
                0x80e00824                DCBlockStore
                0x80e0082c                DCBlockFlush
                0x80e00834                DCBlockInvalidate
                0x80e0083c                DCInvalidateRange
                0x80e0086c                DCFlushRange
                0x80e008a0                DCStoreRange
                0x80e008d4                DCFlushRangeNoSync
                0x80e00904                DCStoreRangeNoSync
                0x80e00934                DCZeroRange
                0x80e00964                DCTouchRange
                0x80e00994                ICInvalidateRange
                0x80e009cc                ICFlashInvalidate
                0x80e009e0                ICEnable
                0x80e009f4                ICDisable
                0x80e00a08                ICFreeze
                0x80e00a1c                ICUnfreeze
                0x80e00a30                ICBlockInvalidate
                0x80e00a38                ICSync
                0x80e00a40                L2Init
                0x80e00a88                L2Enable
                0x80e00aa4                L2Disable
                0x80e00abc                L2GlobalInvalidate
                0x80e00b14                __LCEnable
                0x80e00be0                LCDisable
                0x80e00c08                LCAllocOneTag
                0x80e00c1c                LCAllocTags
                0x80e00c5c                LCLoadBlocks
                0x80e00c80                LCStoreBlocks
 .text          0x80e00ca4      0x4a0 C:/devkitPro/libogc/lib/wii\libogc.a(system_asm.o)
                0x80e00ca4                __realmode
                0x80e00cbc                __configBATS
                0x80e00dec                __InitFPRS
                0x80e00f18                __InitPS
                0x80e00f74                __InitCache
                0x80e00fcc                __InitSystem
                0x80e01054                __flush_cache
                0x80e01088                __reset
                0x80e010f8                __InitBATS
                0x80e01114                SYS_SwitchFiber
 .text          0x80e01144      0x1ac C:/devkitPro/libogc/lib/wii\libogc.a(decrementer_handler.o)
                0x80e01144                dec_exceptionhandler
 .text          0x80e012f0      0x35c C:/devkitPro/libogc/lib/wii\libogc.a(exception_handler.o)
                0x80e012f0                exceptionhandler_start
                0x80e0136c                exceptionhandler_patch
                0x80e013a0                exceptionhandler_end
                0x80e013a4                default_exceptionhandler
                0x80e014d4                fpu_exceptionhandler
                0x80e0161c                systemcallhandler_start
                0x80e01648                systemcallhandler_end
 .text          0x80e0164c       0x48 C:/devkitPro/devkitPPC/bin/../lib/gcc/powerpc-eabi/15.1.0\libgcc.a(eabi.o)
                0x80e0164c                __eabi
 .text          0x80e01694      0x180 C:/devkitPro/devkitPPC/bin/../lib/gcc/powerpc-eabi/15.1.0/../../../../powerpc-eabi/lib\libc.a(libc_a-setjmp.o)
                0x80e01694                setjmp
                0x80e01750                longjmp
 .text          0x80e01814       0x58 C:/devkitPro/devkitPPC/bin/../lib/gcc/powerpc-eabi/15.1.0\libgcc.a(crtresxgpr.o)
                0x80e01814                _restgpr_14_x
                0x80e01818                _restgpr_15_x
                0x80e0181c                _restgpr_16_x
                0x80e01820                _restgpr_17_x
                0x80e01824                _restgpr_18_x
                0x80e01828                _restgpr_19_x
                0x80e0182c                _restgpr_20_x
                0x80e01830                _restgpr_21_x
                0x80e01834                _restgpr_22_x
                0x80e01838                _restgpr_23_x
                0x80e0183c                _restgpr_24_x
                0x80e01840                _restgpr_25_x
                0x80e01844                _restgpr_26_x
                0x80e01848                _restgpr_27_x
                0x80e0184c                _restgpr_28_x
                0x80e01850                _restgpr_29_x
                0x80e01854                _restgpr_30_x
                0x80e01858                _restgpr_31_x
 *(.text.*)
 .text.__do_global_dtors_aux
                0x80e0186c       0xcc C:/devkitPro/devkitPPC/bin/../lib/gcc/powerpc-eabi/15.1.0/crtbegin.o
 .text.frame_dummy
                0x80e01938       0x24 C:/devkitPro/devkitPPC/bin/../lib/gcc/powerpc-eabi/15.1.0/crtbegin.o
 .text.__crtmain
                0x80e0195c       0x40 C:/devkitPro/devkitPPC/bin/../lib/gcc/powerpc-eabi/15.1.0/../../../../powerpc-eabi/lib/crtmain.o
                0x80e01960                __crtmain
 .text.Fat_Mount
                0x80e0199c      0x17c fat_mine.o
                0x80e0199c                Fat_Mount
 .text.Fat_Unmount
                0x80e01b18       0xa0 fat_mine.o
                0x80e01b18                Fat_Unmount
 .text.Fat_ReadFile
                0x80e01bb8       0xf4 fat_mine.o
                0x80e01bb8                Fat_ReadFile
 .text.Fat_MakeDir
                0x80e01cac       0x60 fat_mine.o
                0x80e01cac                Fat_MakeDir
 .text.Fat_CheckFile
                0x80e01d0c       0x54 fat_mine.o
                0x80e01d0c                Fat_CheckFile
 .text.Fat_SaveFile
                0x80e01d60       0xb8 fat_mine.o
                0x80e01d60                Fat_SaveFile
 .text.CheckFile
                0x80e01e18      0x110 fat_mine.o
                0x80e01e18                CheckFile
 .text.Fat_CreateSubfolder
                0x80e01f28      0x200 fat_mine.o
                0x80e01f28                Fat_CreateSubfolder
 .text.Fat_CheckDir
                0x80e02128       0x4c fat_mine.o
                0x80e02128                Fat_CheckDir
 .text.tcp_socket
                0x80e02174       0xe4 http.o
                0x80e02174                tcp_socket
 .text.tcp_connect
                0x80e02258      0x1c4 http.o
                0x80e02258                tcp_connect
 .text.tcp_readln
                0x80e0241c      0x1bc http.o
                0x80e0241c                tcp_readln
 .text.tcp_read
                0x80e025d8      0x310 http.o
                0x80e025d8                tcp_read
 .text.tcp_write
                0x80e028e8      0x1d8 http.o
                0x80e028e8                tcp_write
 .text.http_split_url
                0x80e02ac0       0xf8 http.o
                0x80e02ac0                http_split_url
 .text.http_request_content_length
                0x80e02bb8      0x260 http.o
                0x80e02bb8                http_request_content_length
 .text.http_request
                0x80e02e18      0x3c4 http.o
                0x80e02e18                http_request
 .text.http_get_result
                0x80e031dc       0xb0 http.o
                0x80e031dc                http_get_result
 .text.IOSPATCH_AHBPROT
                0x80e0328c      0x1a0 iospatch.o
                0x80e0328c                IOSPATCH_AHBPROT
 .text.IOSPATCH_Apply
                0x80e0342c      0xa10 iospatch.o
                0x80e0342c                IOSPATCH_Apply
 .text.startup.main
                0x80e03e3c       0x60 main.o
                0x80e03e3c                main
 .text.__themeCmp
                0x80e03e9c       0x24 menu.o
                0x80e03e9c                __themeCmp
 .text.filesize.part.0
                0x80e03ec0      0x118 menu.o
 .text.checkforpriiloader
                0x80e03fd8      0x204 menu.o
                0x80e03fd8                checkforpriiloader
 .text.logfile  0x80e041dc      0x154 menu.o
                0x80e041dc                logfile
 .text.__Draw_Net_Connection
                0x80e04330       0xac menu.o
                0x80e04330                __Draw_Net_Connection
 .text.__Draw_Loading
                0x80e043dc       0x80 menu.o
                0x80e043dc                __Draw_Loading
 .text.__Draw_Button
                0x80e0445c      0x1dc menu.o
                0x80e0445c                __Draw_Button
 .text.__Draw_Message
                0x80e04638       0x5c menu.o
                0x80e04638                __Draw_Message
 .text.findnumpages
                0x80e04694       0xec menu.o
                0x80e04694                findnumpages
 .text.__save_title_list
                0x80e04780      0x1e4 menu.o
                0x80e04780                __save_title_list
 .text.get_content_name_noextension
                0x80e04964      0x134 menu.o
                0x80e04964                get_content_name_noextension
 .text.retreivecurrentthemeregion
                0x80e04a98       0xa0 menu.o
                0x80e04a98                retreivecurrentthemeregion
 .text.get_display_region
                0x80e04b38       0x94 menu.o
                0x80e04b38                get_display_region
 .text.get_system_version_Display
                0x80e04bcc       0x8c menu.o
                0x80e04bcc                get_system_version_Display
 .text.__Draw_Page
                0x80e04c58      0x4b8 menu.o
                0x80e04c58                __Draw_Page
 .text.__Draw_Window
                0x80e05110       0xd0 menu.o
                0x80e05110                __Draw_Window
 .text.__Question_Window
                0x80e051e0      0x1e8 menu.o
                0x80e051e0                __Question_Window
 .text.GetTMD   0x80e053c8      0x2a8 menu.o
                0x80e053c8                GetTMD
 .text.GetVersion
                0x80e05670      0x178 menu.o
                0x80e05670                GetVersion
 .text.check_custom_system_version
                0x80e057e8      0x104 menu.o
                0x80e057e8                check_custom_system_version
 .text.filelist_retrieve
                0x80e058ec      0x524 menu.o
                0x80e058ec                filelist_retrieve
 .text.__Load_Config
                0x80e05e10      0x2f0 menu.o
                0x80e05e10                __Load_Config
 .text.__Free_Channel_Images
                0x80e06100      0x118 menu.o
                0x80e06100                __Free_Channel_Images
 .text.__Load_Images_From_Page
                0x80e06218      0x230 menu.o
                0x80e06218                __Load_Images_From_Page
 .text.__load_textures
                0x80e06448      0x2f0 menu.o
                0x80e06448                __load_textures
 .text.installregion
                0x80e06738       0xc4 menu.o
                0x80e06738                installregion
 .text.findinstallthemeversion
                0x80e067fc      0x340 menu.o
                0x80e067fc                findinstallthemeversion
 .text.__Select_Theme
                0x80e06b3c      0xcb4 menu.o
                0x80e06b3c                __Select_Theme
 .text.getsavename
                0x80e077f0      0x134 menu.o
                0x80e077f0                getsavename
 .text.InstallFile
                0x80e07924      0x4fc menu.o
                0x80e07924                InstallFile
 .text.__install_Theme.part.0
                0x80e07e20      0x2f4 menu.o
 .text.get_title_key
                0x80e08114      0x180 menu.o
                0x80e08114                get_title_key
 .text.getPath  0x80e08294      0x158 menu.o
                0x80e08294                getPath
 .text.getslot  0x80e083ec       0xe8 menu.o
                0x80e083ec                getslot
 .text.__downloadApp
                0x80e084d4      0x8ac menu.o
                0x80e084d4                __downloadApp
 .text.retrieve_themefilesize
                0x80e08d80      0x3f8 menu.o
                0x80e08d80                retrieve_themefilesize
 .text.retrieve_downloadcount
                0x80e09178      0x318 menu.o
                0x80e09178                retrieve_downloadcount
 .text.__Show_Theme
                0x80e09490      0xc54 menu.o
                0x80e09490                __Show_Theme
 .text.__Home   0x80e0a0e4      0x550 menu.o
                0x80e0a0e4                __Home
 .text.__Downloadthemepng
                0x80e0a634      0xc40 menu.o
                0x80e0a634                __Downloadthemepng
 .text.__exit_Menu
                0x80e0b274      0x3a8 menu.o
                0x80e0b274                __exit_Menu
 .text.__Select_Device
                0x80e0b61c      0x5a4 menu.o
                0x80e0b61c                __Select_Device
 .text.__Spin_Question
                0x80e0bbc0      0x1d4 menu.o
                0x80e0bbc0                __Spin_Question
 .text.__Spin_Color_Question
                0x80e0bd94      0x1cc menu.o
                0x80e0bd94                __Spin_Color_Question
 .text.__download_Theme
                0x80e0bf60     0x1060 menu.o
                0x80e0bf60                __download_Theme
 .text.read_Settings
                0x80e0cfc0      0x130 menu.o
                0x80e0cfc0                read_Settings
 .text.write_Settings
                0x80e0d0f0      0x158 menu.o
                0x80e0d0f0                write_Settings
 .text.disclaimer
                0x80e0d248      0x10c menu.o
                0x80e0d248                disclaimer
 .text.__StartUp_Page
                0x80e0d354      0x868 menu.o
                0x80e0d354                __StartUp_Page
 .text.Menu_Loop
                0x80e0dbbc      0x1f8 menu.o
                0x80e0dbbc                Menu_Loop
 .text.SubByte  0x80e0ddb4       0x44 rijndael.o
 .text.product  0x80e0ddf8      0x184 rijndael.o
 .text.gentables
                0x80e0df7c      0x290 rijndael.o
                0x80e0df7c                gentables
 .text.gkey     0x80e0e20c      0x560 rijndael.o
                0x80e0e20c                gkey
 .text.decrypt  0x80e0e76c      0x368 rijndael.o
                0x80e0e76c                decrypt
 .text.aes_set_key
                0x80e0ead4       0x38 rijndael.o
                0x80e0ead4                aes_set_key
 .text.aes_decrypt
                0x80e0eb0c      0x1b4 rijndael.o
                0x80e0eb0c                aes_decrypt
 .text.wiilight
                0x80e0ecc0       0x2c sys.o
                0x80e0ecc0                wiilight
 .text.sys_loadmenu
                0x80e0ecec       0x44 sys.o
                0x80e0ecec                sys_loadmenu
 .text.sysHBC   0x80e0ed30       0x28 sys.o
                0x80e0ed30                sysHBC
 .text.system_Exit_Priiloader
                0x80e0ed58       0x84 sys.o
                0x80e0ed58                system_Exit_Priiloader
 .text.__FileCmp
                0x80e0eddc       0x1c tools.o
                0x80e0eddc                __FileCmp
 .text.allocate_memory
                0x80e0edf8       0x14 tools.o
                0x80e0edf8                allocate_memory
 .text.getdir   0x80e0ee0c      0x294 tools.o
                0x80e0ee0c                getdir
 .text.Video_Init
                0x80e0f0a0       0xbc video.o
                0x80e0f0a0                Video_Init
 .text.MRC_Draw_Tile
                0x80e0f15c      0x2c8 video.o
                0x80e0f15c                MRC_Draw_Tile
 .text.MRC_Draw_Texture
                0x80e0f424        0xc video.o
                0x80e0f424                MRC_Draw_Texture
 .text.MRC_Draw_String
                0x80e0f430      0x1d0 video.o
                0x80e0f430                MRC_Draw_String
 .text.MRC_Draw_String2
                0x80e0f600      0x1d0 video.o
                0x80e0f600                MRC_Draw_String2
 .text.MRC_Draw_Box
                0x80e0f7d0      0x1d0 video.o
                0x80e0f7d0                MRC_Draw_Box
 .text.MRC_Center_Texture
                0x80e0f9a0       0x28 video.o
                0x80e0f9a0                MRC_Center_Texture
 .text.MRC_Resize_Texture
                0x80e0f9c8      0x530 video.o
                0x80e0f9c8                MRC_Resize_Texture
 .text.__MaskBanner
                0x80e0fef8       0xec video.o
                0x80e0fef8                __MaskBanner
 .text.__Create_No_Banner
                0x80e0ffe4      0x1c8 video.o
                0x80e0ffe4                __Create_No_Banner
 .text.MRC_Load_Texture
                0x80e101ac       0xe4 video.o
                0x80e101ac                MRC_Load_Texture
 .text.MRC_Render_Box
                0x80e10290      0x170 video.o
                0x80e10290                MRC_Render_Box
 .text.MRC_Render_Screen
                0x80e10400       0xcc video.o
                0x80e10400                MRC_Render_Screen
 .text.MRC_Draw_Cursor
                0x80e104cc      0x124 video.o
                0x80e104cc                MRC_Draw_Cursor
 .text.MRC_Free_Texture
                0x80e105f0       0x34 video.o
                0x80e105f0                MRC_Free_Texture
 .text.MRC_Init
                0x80e10624      0x10c video.o
                0x80e10624                MRC_Init
 .text.Wpad_AddHotSpot
                0x80e10730       0x38 wpad.o
                0x80e10730                Wpad_AddHotSpot
 .text.Wpad_CleanHotSpots
                0x80e10768       0x50 wpad.o
                0x80e10768                Wpad_CleanHotSpots
 .text.Wpad_GetHotSpotInfo
                0x80e107b8       0x34 wpad.o
                0x80e107b8                Wpad_GetHotSpotInfo
 .text.Wpad_Init
                0x80e107ec       0x60 wpad.o
                0x80e107ec                Wpad_Init
 .text.Wpad_Scan
                0x80e1084c      0x2b4 wpad.o
                0x80e1084c                Wpad_Scan
 .text.Wpad_GetWiimoteX
                0x80e10b00        0xc wpad.o
                0x80e10b00                Wpad_GetWiimoteX
 .text.Wpad_GetWiimoteY
                0x80e10b0c        0xc wpad.o
                0x80e10b0c                Wpad_GetWiimoteY
 .text.Wpad_WaitButtons
                0x80e10b18      0x110 wpad.o
                0x80e10b18                Wpad_WaitButtons
 .text.pngu_read_data_from_buffer
                0x80e10c28       0x68 pngu.o
                0x80e10c28                pngu_read_data_from_buffer
 .text.pngu_free_info.part.0
                0x80e10c90       0x80 pngu.o
 .text.PNGU_SelectImageFromBuffer
                0x80e10d10       0x78 pngu.o
                0x80e10d10                PNGU_SelectImageFromBuffer
 .text.PNGU_ReleaseImageContext
                0x80e10d88       0x9c pngu.o
                0x80e10d88                PNGU_ReleaseImageContext
 .text.PNGU_RGB8_TO_YCbYCr
                0x80e10e24      0x184 pngu.o
                0x80e10e24                PNGU_RGB8_TO_YCbYCr
 .text.pngu_info
                0x80e10fa8      0x5dc pngu.o
                0x80e10fa8                pngu_info
 .text.PNGU_GetImageProperties
                0x80e11584       0x94 pngu.o
                0x80e11584                PNGU_GetImageProperties
 .text.pngu_decode
                0x80e11618      0x2b8 pngu.o
                0x80e11618                pngu_decode
 .text.PNGU_DecodeToRGBA8
                0x80e118d0      0x1f0 pngu.o
                0x80e118d0                PNGU_DecodeToRGBA8
 .text.update_keys
                0x80e11ac0       0x68 C:/devkitPro/libogc/lib/wii\libzip.a(unzip.o)
 .text.unzlocal_getByte
                0x80e11b28       0x90 C:/devkitPro/libogc/lib/wii\libzip.a(unzip.o)
 .text.unzlocal_getShort
                0x80e11bb8       0xc4 C:/devkitPro/libogc/lib/wii\libzip.a(unzip.o)
 .text.unzlocal_getLong
                0x80e11c7c      0x124 C:/devkitPro/libogc/lib/wii\libzip.a(unzip.o)
 .text.unzlocal_GetCurrentFileInfoInternal
                0x80e11da0      0x53c C:/devkitPro/libogc/lib/wii\libzip.a(unzip.o)
 .text.unzGetGlobalInfo
                0x80e122dc       0x24 C:/devkitPro/libogc/lib/wii\libzip.a(unzip.o)
                0x80e122dc                unzGetGlobalInfo
 .text.unzGetCurrentFileInfo
                0x80e12300       0x60 C:/devkitPro/libogc/lib/wii\libzip.a(unzip.o)
                0x80e12300                unzGetCurrentFileInfo
 .text.unzGoToFirstFile
                0x80e12360       0x78 C:/devkitPro/libogc/lib/wii\libzip.a(unzip.o)
                0x80e12360                unzGoToFirstFile
 .text.unzOpen2
                0x80e123d8      0x408 C:/devkitPro/libogc/lib/wii\libzip.a(unzip.o)
                0x80e123d8                unzOpen2
 .text.unzOpen  0x80e127e0        0x8 C:/devkitPro/libogc/lib/wii\libzip.a(unzip.o)
                0x80e127e0                unzOpen
 .text.unzGoToNextFile
                0x80e127e8       0xe0 C:/devkitPro/libogc/lib/wii\libzip.a(unzip.o)
                0x80e127e8                unzGoToNextFile
 .text.unzReadCurrentFile
                0x80e128c8      0x374 C:/devkitPro/libogc/lib/wii\libzip.a(unzip.o)
                0x80e128c8                unzReadCurrentFile
 .text.unzCloseCurrentFile
                0x80e12c3c       0xf8 C:/devkitPro/libogc/lib/wii\libzip.a(unzip.o)
                0x80e12c3c                unzCloseCurrentFile
 .text.unzOpenCurrentFile3
                0x80e12d34      0x62c C:/devkitPro/libogc/lib/wii\libzip.a(unzip.o)
                0x80e12d34                unzOpenCurrentFile3
 .text.unzOpenCurrentFile
                0x80e13360       0x14 C:/devkitPro/libogc/lib/wii\libzip.a(unzip.o)
                0x80e13360                unzOpenCurrentFile
 .text.unzClose
                0x80e13374       0x64 C:/devkitPro/libogc/lib/wii\libzip.a(unzip.o)
                0x80e13374                unzClose
 .text.ferror_file_func
                0x80e133d8        0xc C:/devkitPro/libogc/lib/wii\libzip.a(ioapi.o)
                0x80e133d8                ferror_file_func
 .text.fclose_file_func
                0x80e133e4       0x24 C:/devkitPro/libogc/lib/wii\libzip.a(ioapi.o)
                0x80e133e4                fclose_file_func
 .text.fseek_file_func
                0x80e13408       0x70 C:/devkitPro/libogc/lib/wii\libzip.a(ioapi.o)
                0x80e13408                fseek_file_func
 .text.ftell_file_func
                0x80e13478       0x24 C:/devkitPro/libogc/lib/wii\libzip.a(ioapi.o)
                0x80e13478                ftell_file_func
 .text.fwrite_file_func
                0x80e1349c       0x34 C:/devkitPro/libogc/lib/wii\libzip.a(ioapi.o)
                0x80e1349c                fwrite_file_func
 .text.fread_file_func
                0x80e134d0       0x34 C:/devkitPro/libogc/lib/wii\libzip.a(ioapi.o)
                0x80e134d0                fread_file_func
 .text.fopen_file_func
                0x80e13504       0x94 C:/devkitPro/libogc/lib/wii\libzip.a(ioapi.o)
                0x80e13504                fopen_file_func
 .text.fill_fopen_filefunc
                0x80e13598       0x60 C:/devkitPro/libogc/lib/wii\libzip.a(ioapi.o)
                0x80e13598                fill_fopen_filefunc
 .text.png_set_sig_bytes
                0x80e135f8       0x68 C:/Users/Nayte/Desktop/thememanager/ThemeManager/lib\libpng.a(png.o)
                0x80e135f8                png_set_sig_bytes
 .text.png_sig_cmp
                0x80e13660       0x8c C:/Users/Nayte/Desktop/thememanager/ThemeManager/lib\libpng.a(png.o)
                0x80e13660                png_sig_cmp
 .text.png_zalloc
                0x80e136ec       0x6c C:/Users/Nayte/Desktop/thememanager/ThemeManager/lib\libpng.a(png.o)
                0x80e136ec                png_zalloc
 .text.png_zfree
                0x80e13758       0x20 C:/Users/Nayte/Desktop/thememanager/ThemeManager/lib\libpng.a(png.o)
                0x80e13758                png_zfree
 .text.png_reset_crc
                0x80e13778       0x3c C:/Users/Nayte/Desktop/thememanager/ThemeManager/lib\libpng.a(png.o)
                0x80e13778                png_reset_crc
 .text.png_calculate_crc
                0x80e137b4       0x70 C:/Users/Nayte/Desktop/thememanager/ThemeManager/lib\libpng.a(png.o)
                0x80e137b4                png_calculate_crc
 .text.png_info_init_3
                0x80e13824       0x5c C:/Users/Nayte/Desktop/thememanager/ThemeManager/lib\libpng.a(png.o)
                0x80e13824                png_info_init_3
 .text.png_create_info_struct
                0x80e13880       0x60 C:/Users/Nayte/Desktop/thememanager/ThemeManager/lib\libpng.a(png.o)
                0x80e13880                png_create_info_struct
 .text.png_free_data
                0x80e138e0      0x4fc C:/Users/Nayte/Desktop/thememanager/ThemeManager/lib\libpng.a(png.o)
                0x80e138e0                png_free_data
 .text.png_info_destroy
                0x80e13ddc       0x68 C:/Users/Nayte/Desktop/thememanager/ThemeManager/lib\libpng.a(png.o)
                0x80e13ddc                png_info_destroy
 .text.png_get_io_ptr
                0x80e13e44       0x14 C:/Users/Nayte/Desktop/thememanager/ThemeManager/lib\libpng.a(png.o)
                0x80e13e44                png_get_io_ptr
 .text.png_init_io
                0x80e13e58       0x10 C:/Users/Nayte/Desktop/thememanager/ThemeManager/lib\libpng.a(png.o)
                0x80e13e58                png_init_io
 .text.png_get_header_ver
                0x80e13e68        0xc C:/Users/Nayte/Desktop/thememanager/ThemeManager/lib\libpng.a(png.o)
                0x80e13e68                png_get_header_ver
 .text.png_handle_as_unknown
                0x80e13e74       0xb8 C:/Users/Nayte/Desktop/thememanager/ThemeManager/lib\libpng.a(png.o)
                0x80e13e74                png_handle_as_unknown
 .text.png_64bit_product
                0x80e13f2c       0x4c C:/Users/Nayte/Desktop/thememanager/ThemeManager/lib\libpng.a(png.o)
                0x80e13f2c                png_64bit_product
 .text.png_check_cHRM_fixed
                0x80e13f78      0x238 C:/Users/Nayte/Desktop/thememanager/ThemeManager/lib\libpng.a(png.o)
                0x80e13f78                png_check_cHRM_fixed
 .text.png_check_IHDR
                0x80e141b0      0x384 C:/Users/Nayte/Desktop/thememanager/ThemeManager/lib\libpng.a(png.o)
                0x80e141b0                png_check_IHDR
 .text.png_format_buffer
                0x80e14534      0x110 C:/Users/Nayte/Desktop/thememanager/ThemeManager/lib\libpng.a(pngerror.o)
 .text.png_error
                0x80e14644       0xbc C:/Users/Nayte/Desktop/thememanager/ThemeManager/lib\libpng.a(pngerror.o)
                0x80e14644                png_error
 .text.png_warning
                0x80e14700       0xc8 C:/Users/Nayte/Desktop/thememanager/ThemeManager/lib\libpng.a(pngerror.o)
                0x80e14700                png_warning
 .text.png_chunk_error
                0x80e147c8       0x50 C:/Users/Nayte/Desktop/thememanager/ThemeManager/lib\libpng.a(pngerror.o)
                0x80e147c8                png_chunk_error
 .text.png_chunk_warning
                0x80e14818       0x50 C:/Users/Nayte/Desktop/thememanager/ThemeManager/lib\libpng.a(pngerror.o)
                0x80e14818                png_chunk_warning
 .text.png_set_longjmp_fn
                0x80e14868       0x20 C:/Users/Nayte/Desktop/thememanager/ThemeManager/lib\libpng.a(pngerror.o)
                0x80e14868                png_set_longjmp_fn
 .text.png_set_error_fn
                0x80e14888       0x18 C:/Users/Nayte/Desktop/thememanager/ThemeManager/lib\libpng.a(pngerror.o)
                0x80e14888                png_set_error_fn
 .text.png_get_rowbytes
                0x80e148a0       0x1c C:/Users/Nayte/Desktop/thememanager/ThemeManager/lib\libpng.a(pngget.o)
                0x80e148a0                png_get_rowbytes
 .text.png_get_bKGD
                0x80e148bc       0x38 C:/Users/Nayte/Desktop/thememanager/ThemeManager/lib\libpng.a(pngget.o)
                0x80e148bc                png_get_bKGD
 .text.png_get_IHDR
                0x80e148f4       0xd0 C:/Users/Nayte/Desktop/thememanager/ThemeManager/lib\libpng.a(pngget.o)
                0x80e148f4                png_get_IHDR
 .text.png_get_tRNS
                0x80e149c4       0x98 C:/Users/Nayte/Desktop/thememanager/ThemeManager/lib\libpng.a(pngget.o)
                0x80e149c4                png_get_tRNS
 .text.png_create_struct_2
                0x80e14a5c       0x98 C:/Users/Nayte/Desktop/thememanager/ThemeManager/lib\libpng.a(pngmem.o)
                0x80e14a5c                png_create_struct_2
 .text.png_create_struct
                0x80e14af4        0xc C:/Users/Nayte/Desktop/thememanager/ThemeManager/lib\libpng.a(pngmem.o)
                0x80e14af4                png_create_struct
 .text.png_destroy_struct_2
                0x80e14b00       0x58 C:/Users/Nayte/Desktop/thememanager/ThemeManager/lib\libpng.a(pngmem.o)
                0x80e14b00                png_destroy_struct_2
 .text.png_destroy_struct
                0x80e14b58        0xc C:/Users/Nayte/Desktop/thememanager/ThemeManager/lib\libpng.a(pngmem.o)
                0x80e14b58                png_destroy_struct
 .text.png_malloc_default
                0x80e14b64       0x48 C:/Users/Nayte/Desktop/thememanager/ThemeManager/lib\libpng.a(pngmem.o)
                0x80e14b64                png_malloc_default
 .text.png_malloc
                0x80e14bac       0x90 C:/Users/Nayte/Desktop/thememanager/ThemeManager/lib\libpng.a(pngmem.o)
                0x80e14bac                png_malloc
 .text.png_calloc
                0x80e14c3c       0x4c C:/Users/Nayte/Desktop/thememanager/ThemeManager/lib\libpng.a(pngmem.o)
                0x80e14c3c                png_calloc
 .text.png_free_default
                0x80e14c88       0x34 C:/Users/Nayte/Desktop/thememanager/ThemeManager/lib\libpng.a(pngmem.o)
                0x80e14c88                png_free_default
 .text.png_free
                0x80e14cbc       0x50 C:/Users/Nayte/Desktop/thememanager/ThemeManager/lib\libpng.a(pngmem.o)
                0x80e14cbc                png_free
 .text.png_malloc_warn
                0x80e14d0c       0x54 C:/Users/Nayte/Desktop/thememanager/ThemeManager/lib\libpng.a(pngmem.o)
                0x80e14d0c                png_malloc_warn
 .text.png_set_mem_fn
                0x80e14d60       0x18 C:/Users/Nayte/Desktop/thememanager/ThemeManager/lib\libpng.a(pngmem.o)
                0x80e14d60                png_set_mem_fn
 .text.png_create_read_struct_2
                0x80e14d78      0x418 C:/Users/Nayte/Desktop/thememanager/ThemeManager/lib\libpng.a(pngread.o)
                0x80e14d78                png_create_read_struct_2
 .text.png_create_read_struct
                0x80e15190       0x10 C:/Users/Nayte/Desktop/thememanager/ThemeManager/lib\libpng.a(pngread.o)
                0x80e15190                png_create_read_struct
 .text.png_read_info
                0x80e151a0      0x98c C:/Users/Nayte/Desktop/thememanager/ThemeManager/lib\libpng.a(pngread.o)
                0x80e151a0                png_read_info
 .text.png_read_update_info
                0x80e15b2c       0x64 C:/Users/Nayte/Desktop/thememanager/ThemeManager/lib\libpng.a(pngread.o)
                0x80e15b2c                png_read_update_info
 .text.png_read_row
                0x80e15b90      0x658 C:/Users/Nayte/Desktop/thememanager/ThemeManager/lib\libpng.a(pngread.o)
                0x80e15b90                png_read_row
 .text.png_read_image
                0x80e161e8       0xc0 C:/Users/Nayte/Desktop/thememanager/ThemeManager/lib\libpng.a(pngread.o)
                0x80e161e8                png_read_image
 .text.png_read_destroy
                0x80e162a8      0x2e4 C:/Users/Nayte/Desktop/thememanager/ThemeManager/lib\libpng.a(pngread.o)
                0x80e162a8                png_read_destroy
 .text.png_destroy_read_struct
                0x80e1658c      0x130 C:/Users/Nayte/Desktop/thememanager/ThemeManager/lib\libpng.a(pngread.o)
                0x80e1658c                png_destroy_read_struct
 .text.png_default_read_data
                0x80e166bc       0x60 C:/Users/Nayte/Desktop/thememanager/ThemeManager/lib\libpng.a(pngrio.o)
                0x80e166bc                png_default_read_data
 .text.png_read_data
                0x80e1671c       0x4c C:/Users/Nayte/Desktop/thememanager/ThemeManager/lib\libpng.a(pngrio.o)
                0x80e1671c                png_read_data
 .text.png_set_read_fn
                0x80e16768       0x88 C:/Users/Nayte/Desktop/thememanager/ThemeManager/lib\libpng.a(pngrio.o)
                0x80e16768                png_set_read_fn
 .text.png_set_strip_16
                0x80e167f0       0x18 C:/Users/Nayte/Desktop/thememanager/ThemeManager/lib\libpng.a(pngrtran.o)
                0x80e167f0                png_set_strip_16
 .text.png_set_strip_alpha
                0x80e16808       0x18 C:/Users/Nayte/Desktop/thememanager/ThemeManager/lib\libpng.a(pngrtran.o)
                0x80e16808                png_set_strip_alpha
 .text.png_set_gray_to_rgb
                0x80e16820       0x1c C:/Users/Nayte/Desktop/thememanager/ThemeManager/lib\libpng.a(pngrtran.o)
                0x80e16820                png_set_gray_to_rgb
 .text.png_read_transform_info
                0x80e1683c      0x2f8 C:/Users/Nayte/Desktop/thememanager/ThemeManager/lib\libpng.a(pngrtran.o)
                0x80e1683c                png_read_transform_info
 .text.png_do_unpack
                0x80e16b34      0x1ac C:/Users/Nayte/Desktop/thememanager/ThemeManager/lib\libpng.a(pngrtran.o)
                0x80e16b34                png_do_unpack
 .text.png_do_unshift
                0x80e16ce0      0x220 C:/Users/Nayte/Desktop/thememanager/ThemeManager/lib\libpng.a(pngrtran.o)
                0x80e16ce0                png_do_unshift
 .text.png_do_chop
                0x80e16f00       0x60 C:/Users/Nayte/Desktop/thememanager/ThemeManager/lib\libpng.a(pngrtran.o)
                0x80e16f00                png_do_chop
 .text.png_do_read_swap_alpha
                0x80e16f60      0x130 C:/Users/Nayte/Desktop/thememanager/ThemeManager/lib\libpng.a(pngrtran.o)
                0x80e16f60                png_do_read_swap_alpha
 .text.png_do_read_invert_alpha
                0x80e17090       0xf8 C:/Users/Nayte/Desktop/thememanager/ThemeManager/lib\libpng.a(pngrtran.o)
                0x80e17090                png_do_read_invert_alpha
 .text.png_do_read_filler
                0x80e17188      0x340 C:/Users/Nayte/Desktop/thememanager/ThemeManager/lib\libpng.a(pngrtran.o)
                0x80e17188                png_do_read_filler
 .text.png_do_gray_to_rgb
                0x80e174c8      0x218 C:/Users/Nayte/Desktop/thememanager/ThemeManager/lib\libpng.a(pngrtran.o)
                0x80e174c8                png_do_gray_to_rgb
 .text.png_do_rgb_to_gray
                0x80e176e0      0x688 C:/Users/Nayte/Desktop/thememanager/ThemeManager/lib\libpng.a(pngrtran.o)
                0x80e176e0                png_do_rgb_to_gray
 .text.png_do_background
                0x80e17d68     0x11ac C:/Users/Nayte/Desktop/thememanager/ThemeManager/lib\libpng.a(pngrtran.o)
                0x80e17d68                png_do_background
 .text.png_do_gamma
                0x80e18f14      0x450 C:/Users/Nayte/Desktop/thememanager/ThemeManager/lib\libpng.a(pngrtran.o)
                0x80e18f14                png_do_gamma
 .text.png_do_expand_palette
                0x80e19364      0x328 C:/Users/Nayte/Desktop/thememanager/ThemeManager/lib\libpng.a(pngrtran.o)
                0x80e19364                png_do_expand_palette
 .text.png_do_expand
                0x80e1968c      0x5c8 C:/Users/Nayte/Desktop/thememanager/ThemeManager/lib\libpng.a(pngrtran.o)
                0x80e1968c                png_do_expand
 .text.png_do_quantize
                0x80e19c54      0x170 C:/Users/Nayte/Desktop/thememanager/ThemeManager/lib\libpng.a(pngrtran.o)
                0x80e19c54                png_do_quantize
 .text.png_do_read_transformations
                0x80e19dc4      0x518 C:/Users/Nayte/Desktop/thememanager/ThemeManager/lib\libpng.a(pngrtran.o)
                0x80e19dc4                png_do_read_transformations
 .text.png_build_gamma_table
                0x80e1a2dc      0x808 C:/Users/Nayte/Desktop/thememanager/ThemeManager/lib\libpng.a(pngrtran.o)
                0x80e1a2dc                png_build_gamma_table
 .text.png_init_read_transformations
                0x80e1aae4      0xc80 C:/Users/Nayte/Desktop/thememanager/ThemeManager/lib\libpng.a(pngrtran.o)
                0x80e1aae4                png_init_read_transformations
 .text.png_do_read_intrapixel
                0x80e1b764      0x100 C:/Users/Nayte/Desktop/thememanager/ThemeManager/lib\libpng.a(pngrtran.o)
                0x80e1b764                png_do_read_intrapixel
 .text.png_inflate
                0x80e1b864      0x178 C:/Users/Nayte/Desktop/thememanager/ThemeManager/lib\libpng.a(pngrutil.o)
 .text.png_get_uint_31
                0x80e1b9dc       0x78 C:/Users/Nayte/Desktop/thememanager/ThemeManager/lib\libpng.a(pngrutil.o)
                0x80e1b9dc                png_get_uint_31
 .text.png_crc_read
                0x80e1ba54       0x58 C:/Users/Nayte/Desktop/thememanager/ThemeManager/lib\libpng.a(pngrutil.o)
                0x80e1ba54                png_crc_read
 .text.png_crc_error
                0x80e1baac       0xd4 C:/Users/Nayte/Desktop/thememanager/ThemeManager/lib\libpng.a(pngrutil.o)
                0x80e1baac                png_crc_error
 .text.png_crc_finish
                0x80e1bb80      0x120 C:/Users/Nayte/Desktop/thememanager/ThemeManager/lib\libpng.a(pngrutil.o)
                0x80e1bb80                png_crc_finish
 .text.png_decompress_chunk
                0x80e1bca0      0x1fc C:/Users/Nayte/Desktop/thememanager/ThemeManager/lib\libpng.a(pngrutil.o)
                0x80e1bca0                png_decompress_chunk
 .text.png_handle_IHDR
                0x80e1be9c      0x1e0 C:/Users/Nayte/Desktop/thememanager/ThemeManager/lib\libpng.a(pngrutil.o)
                0x80e1be9c                png_handle_IHDR
 .text.png_handle_PLTE
                0x80e1c07c      0x29c C:/Users/Nayte/Desktop/thememanager/ThemeManager/lib\libpng.a(pngrutil.o)
                0x80e1c07c                png_handle_PLTE
 .text.png_handle_IEND
                0x80e1c318       0x7c C:/Users/Nayte/Desktop/thememanager/ThemeManager/lib\libpng.a(pngrutil.o)
                0x80e1c318                png_handle_IEND
 .text.png_handle_gAMA
                0x80e1c394      0x254 C:/Users/Nayte/Desktop/thememanager/ThemeManager/lib\libpng.a(pngrutil.o)
                0x80e1c394                png_handle_gAMA
 .text.png_handle_sBIT
                0x80e1c5e8      0x1ec C:/Users/Nayte/Desktop/thememanager/ThemeManager/lib\libpng.a(pngrutil.o)
                0x80e1c5e8                png_handle_sBIT
 .text.png_handle_cHRM
                0x80e1c7d4      0x580 C:/Users/Nayte/Desktop/thememanager/ThemeManager/lib\libpng.a(pngrutil.o)
                0x80e1c7d4                png_handle_cHRM
 .text.png_handle_sRGB
                0x80e1cd54      0x2b4 C:/Users/Nayte/Desktop/thememanager/ThemeManager/lib\libpng.a(pngrutil.o)
                0x80e1cd54                png_handle_sRGB
 .text.png_handle_iCCP
                0x80e1d008      0x380 C:/Users/Nayte/Desktop/thememanager/ThemeManager/lib\libpng.a(pngrutil.o)
                0x80e1d008                png_handle_iCCP
 .text.png_handle_sPLT
                0x80e1d388      0x440 C:/Users/Nayte/Desktop/thememanager/ThemeManager/lib\libpng.a(pngrutil.o)
                0x80e1d388                png_handle_sPLT
 .text.png_handle_tRNS
                0x80e1d7c8      0x2a0 C:/Users/Nayte/Desktop/thememanager/ThemeManager/lib\libpng.a(pngrutil.o)
                0x80e1d7c8                png_handle_tRNS
 .text.png_handle_bKGD
                0x80e1da68      0x270 C:/Users/Nayte/Desktop/thememanager/ThemeManager/lib\libpng.a(pngrutil.o)
                0x80e1da68                png_handle_bKGD
 .text.png_handle_hIST
                0x80e1dcd8      0x1fc C:/Users/Nayte/Desktop/thememanager/ThemeManager/lib\libpng.a(pngrutil.o)
                0x80e1dcd8                png_handle_hIST
 .text.png_handle_pHYs
                0x80e1ded4      0x194 C:/Users/Nayte/Desktop/thememanager/ThemeManager/lib\libpng.a(pngrutil.o)
                0x80e1ded4                png_handle_pHYs
 .text.png_handle_oFFs
                0x80e1e068      0x1f4 C:/Users/Nayte/Desktop/thememanager/ThemeManager/lib\libpng.a(pngrutil.o)
                0x80e1e068                png_handle_oFFs
 .text.png_handle_pCAL
                0x80e1e25c      0x3c8 C:/Users/Nayte/Desktop/thememanager/ThemeManager/lib\libpng.a(pngrutil.o)
                0x80e1e25c                png_handle_pCAL
 .text.png_handle_sCAL
                0x80e1e624      0x2cc C:/Users/Nayte/Desktop/thememanager/ThemeManager/lib\libpng.a(pngrutil.o)
                0x80e1e624                png_handle_sCAL
 .text.png_handle_tIME
                0x80e1e8f0      0x178 C:/Users/Nayte/Desktop/thememanager/ThemeManager/lib\libpng.a(pngrutil.o)
                0x80e1e8f0                png_handle_tIME
 .text.png_handle_tEXt
                0x80e1ea68      0x294 C:/Users/Nayte/Desktop/thememanager/ThemeManager/lib\libpng.a(pngrutil.o)
                0x80e1ea68                png_handle_tEXt
 .text.png_handle_zTXt
                0x80e1ecfc      0x304 C:/Users/Nayte/Desktop/thememanager/ThemeManager/lib\libpng.a(pngrutil.o)
                0x80e1ecfc                png_handle_zTXt
 .text.png_handle_iTXt
                0x80e1f000      0x3b8 C:/Users/Nayte/Desktop/thememanager/ThemeManager/lib\libpng.a(pngrutil.o)
                0x80e1f000                png_handle_iTXt
 .text.png_handle_unknown
                0x80e1f3b8      0x22c C:/Users/Nayte/Desktop/thememanager/ThemeManager/lib\libpng.a(pngrutil.o)
                0x80e1f3b8                png_handle_unknown
 .text.png_check_chunk_name
                0x80e1f5e4       0xbc C:/Users/Nayte/Desktop/thememanager/ThemeManager/lib\libpng.a(pngrutil.o)
                0x80e1f5e4                png_check_chunk_name
 .text.png_read_chunk_header
                0x80e1f6a0       0x9c C:/Users/Nayte/Desktop/thememanager/ThemeManager/lib\libpng.a(pngrutil.o)
                0x80e1f6a0                png_read_chunk_header
 .text.png_combine_row
                0x80e1f73c      0x41c C:/Users/Nayte/Desktop/thememanager/ThemeManager/lib\libpng.a(pngrutil.o)
                0x80e1f73c                png_combine_row
 .text.png_do_read_interlace
                0x80e1fb58      0x4dc C:/Users/Nayte/Desktop/thememanager/ThemeManager/lib\libpng.a(pngrutil.o)
                0x80e1fb58                png_do_read_interlace
 .text.png_read_filter_row
                0x80e20034      0x2a0 C:/Users/Nayte/Desktop/thememanager/ThemeManager/lib\libpng.a(pngrutil.o)
                0x80e20034                png_read_filter_row
 .text.png_read_finish_row
                0x80e202d4      0x4c4 C:/Users/Nayte/Desktop/thememanager/ThemeManager/lib\libpng.a(pngrutil.o)
                0x80e202d4                png_read_finish_row
 .text.png_read_start_row
                0x80e20798      0x47c C:/Users/Nayte/Desktop/thememanager/ThemeManager/lib\libpng.a(pngrutil.o)
                0x80e20798                png_read_start_row
 .text.png_set_bKGD
                0x80e20c14       0x3c C:/Users/Nayte/Desktop/thememanager/ThemeManager/lib\libpng.a(pngset.o)
                0x80e20c14                png_set_bKGD
 .text.png_set_cHRM
                0x80e20c50      0x110 C:/Users/Nayte/Desktop/thememanager/ThemeManager/lib\libpng.a(pngset.o)
                0x80e20c50                png_set_cHRM
 .text.png_set_cHRM_fixed
                0x80e20d60      0x204 C:/Users/Nayte/Desktop/thememanager/ThemeManager/lib\libpng.a(pngset.o)
                0x80e20d60                png_set_cHRM_fixed
 .text.png_set_gAMA
                0x80e20f64       0xdc C:/Users/Nayte/Desktop/thememanager/ThemeManager/lib\libpng.a(pngset.o)
                0x80e20f64                png_set_gAMA
 .text.png_set_gAMA_fixed
                0x80e21040       0xe0 C:/Users/Nayte/Desktop/thememanager/ThemeManager/lib\libpng.a(pngset.o)
                0x80e21040                png_set_gAMA_fixed
 .text.png_set_hIST
                0x80e21120      0x10c C:/Users/Nayte/Desktop/thememanager/ThemeManager/lib\libpng.a(pngset.o)
                0x80e21120                png_set_hIST
 .text.png_set_IHDR
                0x80e2122c      0x140 C:/Users/Nayte/Desktop/thememanager/ThemeManager/lib\libpng.a(pngset.o)
                0x80e2122c                png_set_IHDR
 .text.png_set_oFFs
                0x80e2136c       0x2c C:/Users/Nayte/Desktop/thememanager/ThemeManager/lib\libpng.a(pngset.o)
                0x80e2136c                png_set_oFFs
 .text.png_set_pCAL
                0x80e21398      0x22c C:/Users/Nayte/Desktop/thememanager/ThemeManager/lib\libpng.a(pngset.o)
                0x80e21398                png_set_pCAL
 .text.png_set_sCAL
                0x80e215c4       0x2c C:/Users/Nayte/Desktop/thememanager/ThemeManager/lib\libpng.a(pngset.o)
                0x80e215c4                png_set_sCAL
 .text.png_set_pHYs
                0x80e215f0       0x2c C:/Users/Nayte/Desktop/thememanager/ThemeManager/lib\libpng.a(pngset.o)
                0x80e215f0                png_set_pHYs
 .text.png_set_PLTE
                0x80e2161c      0x100 C:/Users/Nayte/Desktop/thememanager/ThemeManager/lib\libpng.a(pngset.o)
                0x80e2161c                png_set_PLTE
 .text.png_set_sBIT
                0x80e2171c       0x30 C:/Users/Nayte/Desktop/thememanager/ThemeManager/lib\libpng.a(pngset.o)
                0x80e2171c                png_set_sBIT
 .text.png_set_sRGB_gAMA_and_cHRM
                0x80e2174c      0x114 C:/Users/Nayte/Desktop/thememanager/ThemeManager/lib\libpng.a(pngset.o)
                0x80e2174c                png_set_sRGB_gAMA_and_cHRM
 .text.png_set_iCCP
                0x80e21860      0x14c C:/Users/Nayte/Desktop/thememanager/ThemeManager/lib\libpng.a(pngset.o)
                0x80e21860                png_set_iCCP
 .text.png_set_text_2
                0x80e219ac      0x374 C:/Users/Nayte/Desktop/thememanager/ThemeManager/lib\libpng.a(pngset.o)
                0x80e219ac                png_set_text_2
 .text.png_set_tIME
                0x80e21d20       0x3c C:/Users/Nayte/Desktop/thememanager/ThemeManager/lib\libpng.a(pngset.o)
                0x80e21d20                png_set_tIME
 .text.png_set_tRNS
                0x80e21d5c      0x194 C:/Users/Nayte/Desktop/thememanager/ThemeManager/lib\libpng.a(pngset.o)
                0x80e21d5c                png_set_tRNS
 .text.png_set_sPLT
                0x80e21ef0      0x1e4 C:/Users/Nayte/Desktop/thememanager/ThemeManager/lib\libpng.a(pngset.o)
                0x80e21ef0                png_set_sPLT
 .text.png_set_unknown_chunks
                0x80e220d4      0x1f8 C:/Users/Nayte/Desktop/thememanager/ThemeManager/lib\libpng.a(pngset.o)
                0x80e220d4                png_set_unknown_chunks
 .text.png_set_packing
                0x80e222cc       0x2c C:/Users/Nayte/Desktop/thememanager/ThemeManager/lib\libpng.a(pngtrans.o)
                0x80e222cc                png_set_packing
 .text.png_set_interlace_handling
                0x80e222f8       0x2c C:/Users/Nayte/Desktop/thememanager/ThemeManager/lib\libpng.a(pngtrans.o)
                0x80e222f8                png_set_interlace_handling
 .text.png_do_invert
                0x80e22324       0xc0 C:/Users/Nayte/Desktop/thememanager/ThemeManager/lib\libpng.a(pngtrans.o)
                0x80e22324                png_do_invert
 .text.png_do_swap
                0x80e223e4       0x3c C:/Users/Nayte/Desktop/thememanager/ThemeManager/lib\libpng.a(pngtrans.o)
                0x80e223e4                png_do_swap
 .text.png_do_packswap
                0x80e22420       0xa4 C:/Users/Nayte/Desktop/thememanager/ThemeManager/lib\libpng.a(pngtrans.o)
                0x80e22420                png_do_packswap
 .text.png_do_strip_filler
                0x80e224c4      0x2fc C:/Users/Nayte/Desktop/thememanager/ThemeManager/lib\libpng.a(pngtrans.o)
                0x80e224c4                png_do_strip_filler
 .text.png_do_bgr
                0x80e227c0      0x104 C:/Users/Nayte/Desktop/thememanager/ThemeManager/lib\libpng.a(pngtrans.o)
                0x80e227c0                png_do_bgr
 .text.get_crc_table
                0x80e228c4        0xc C:/devkitPro/libogc/lib/wii\libz.a(crc32.o)
                0x80e228c4                get_crc_table
 .text.crc32    0x80e228d0      0x3fc C:/devkitPro/libogc/lib/wii\libz.a(crc32.o)
                0x80e228d0                crc32
 .text.updatewindow
                0x80e22ccc      0x1f0 C:/devkitPro/libogc/lib/wii\libz.a(inflate.o)
 .text.inflateReset
                0x80e22ebc       0x88 C:/devkitPro/libogc/lib/wii\libz.a(inflate.o)
                0x80e22ebc                inflateReset
 .text.inflateReset2
                0x80e22f44       0xf4 C:/devkitPro/libogc/lib/wii\libz.a(inflate.o)
                0x80e22f44                inflateReset2
 .text.inflateInit2_
                0x80e23038      0x118 C:/devkitPro/libogc/lib/wii\libz.a(inflate.o)
                0x80e23038                inflateInit2_
 .text.inflateInit_
                0x80e23150       0x14 C:/devkitPro/libogc/lib/wii\libz.a(inflate.o)
                0x80e23150                inflateInit_
 .text.inflate  0x80e23164     0x1c18 C:/devkitPro/libogc/lib/wii\libz.a(inflate.o)
                0x80e23164                inflate
 .text.inflateEnd
                0x80e24d7c       0x88 C:/devkitPro/libogc/lib/wii\libz.a(inflate.o)
                0x80e24d7c                inflateEnd
 .text.inflate_table
                0x80e24e04      0x618 C:/devkitPro/libogc/lib/wii\libz.a(inftrees.o)
                0x80e24e04                inflate_table
 .text.zcalloc  0x80e2541c       0x24 C:/devkitPro/libogc/lib/wii\libz.a(zutil.o)
                0x80e2541c                zcalloc
 .text.zcfree   0x80e25440       0x24 C:/devkitPro/libogc/lib/wii\libz.a(zutil.o)
                0x80e25440                zcfree
 .text.adler32  0x80e25464      0x384 C:/devkitPro/libogc/lib/wii\libz.a(adler32.o)
                0x80e25464                adler32
 .text.inflate_fast
                0x80e257e8      0x550 C:/devkitPro/libogc/lib/wii\libz.a(inffast.o)
                0x80e257e8                inflate_fast
 .text.__wpad_assign_slot
                0x80e25d38      0x228 C:/devkitPro/libogc/lib/wii\libwiiuse.a(wpad.o)
                0x80e25d38                __wpad_assign_slot
 .text.__wpad_def_powcb
                0x80e25f60        0x4 C:/devkitPro/libogc/lib/wii\libwiiuse.a(wpad.o)
 .text.__readlinkkey_finished
                0x80e25f64       0x34 C:/devkitPro/libogc/lib/wii\libwiiuse.a(wpad.o)
 .text.__wpad_patch_finished
                0x80e25f98       0x2c C:/devkitPro/libogc/lib/wii\libwiiuse.a(wpad.o)
 .text.__wpad_setfmt
                0x80e25fc4      0x14c C:/devkitPro/libogc/lib/wii\libwiiuse.a(wpad.o)
 .text.__wpad_eventCB
                0x80e26110      0xbf0 C:/devkitPro/libogc/lib/wii\libwiiuse.a(wpad.o)
 .text.__wpad_disconnectCB
                0x80e26d00       0xd4 C:/devkitPro/libogc/lib/wii\libwiiuse.a(wpad.o)
                0x80e26d00                __wpad_disconnectCB
 .text.__wpad_timeouthandler
                0x80e26dd4       0xfc C:/devkitPro/libogc/lib/wii\libwiiuse.a(wpad.o)
 .text.__initcore_finished
                0x80e26ed0       0x48 C:/devkitPro/libogc/lib/wii\libwiiuse.a(wpad.o)
 .text.__wpad_init_finished
                0x80e26f18      0x194 C:/devkitPro/libogc/lib/wii\libwiiuse.a(wpad.o)
 .text.WPAD_ReadEvent
                0x80e270ac      0x670 C:/devkitPro/libogc/lib/wii\libwiiuse.a(wpad.o)
                0x80e270ac                WPAD_ReadEvent
 .text.WPAD_ReadPending
                0x80e2771c      0x1a0 C:/devkitPro/libogc/lib/wii\libwiiuse.a(wpad.o)
                0x80e2771c                WPAD_ReadPending
 .text.WPAD_SetDataFormat
                0x80e278bc      0x188 C:/devkitPro/libogc/lib/wii\libwiiuse.a(wpad.o)
                0x80e278bc                WPAD_SetDataFormat
 .text.WPAD_SetVRes
                0x80e27a44      0x168 C:/devkitPro/libogc/lib/wii\libwiiuse.a(wpad.o)
                0x80e27a44                WPAD_SetVRes
 .text.WPAD_Shutdown
                0x80e27bac      0x108 C:/devkitPro/libogc/lib/wii\libwiiuse.a(wpad.o)
                0x80e27bac                WPAD_Shutdown
 .text.WPAD_Init
                0x80e27cb4      0x280 C:/devkitPro/libogc/lib/wii\libwiiuse.a(wpad.o)
                0x80e27cb4                WPAD_Init
 .text.__wpad_onreset
                0x80e27f34       0x34 C:/devkitPro/libogc/lib/wii\libwiiuse.a(wpad.o)
 .text.WPAD_SetIdleTimeout
                0x80e27f68       0x38 C:/devkitPro/libogc/lib/wii\libwiiuse.a(wpad.o)
                0x80e27f68                WPAD_SetIdleTimeout
 .text.WPAD_ScanPads
                0x80e27fa0       0x90 C:/devkitPro/libogc/lib/wii\libwiiuse.a(wpad.o)
                0x80e27fa0                WPAD_ScanPads
 .text.WPAD_ButtonsDown
                0x80e28030       0x28 C:/devkitPro/libogc/lib/wii\libwiiuse.a(wpad.o)
                0x80e28030                WPAD_ButtonsDown
 .text.WPAD_ButtonsHeld
                0x80e28058       0x28 C:/devkitPro/libogc/lib/wii\libwiiuse.a(wpad.o)
                0x80e28058                WPAD_ButtonsHeld
 .text.WPAD_IR  0x80e28080       0x50 C:/devkitPro/libogc/lib/wii\libwiiuse.a(wpad.o)
                0x80e28080                WPAD_IR
 .text.motion_plus_disconnected
                0x80e280d0       0x10 C:/devkitPro/libogc/lib/wii\libwiiuse.a(motion_plus.o)
                0x80e280d0                motion_plus_disconnected
 .text.motion_plus_event
                0x80e280e0       0x64 C:/devkitPro/libogc/lib/wii\libwiiuse.a(motion_plus.o)
                0x80e280e0                motion_plus_event
 .text.calculate_gforce
                0x80e28144      0x114 C:/devkitPro/libogc/lib/wii\libwiiuse.a(dynamics.o)
                0x80e28144                calculate_gforce
 .text.calc_joystick_state
                0x80e28258      0x208 C:/devkitPro/libogc/lib/wii\libwiiuse.a(dynamics.o)
                0x80e28258                calc_joystick_state
 .text.apply_smoothing
                0x80e28460      0x110 C:/devkitPro/libogc/lib/wii\libwiiuse.a(dynamics.o)
                0x80e28460                apply_smoothing
 .text.calculate_orientation
                0x80e28570      0x360 C:/devkitPro/libogc/lib/wii\libwiiuse.a(dynamics.o)
                0x80e28570                calculate_orientation
 .text.calc_balanceboard_state
                0x80e288d0      0x3a4 C:/devkitPro/libogc/lib/wii\libwiiuse.a(dynamics.o)
                0x80e288d0                calc_balanceboard_state
 .text.wiiuse_handshake
                0x80e28c74      0x24c C:/devkitPro/libogc/lib/wii\libwiiuse.a(io.o)
                0x80e28c74                wiiuse_handshake
 .text.wiiuse_handshake_expansion
                0x80e28ec0      0x214 C:/devkitPro/libogc/lib/wii\libwiiuse.a(io.o)
                0x80e28ec0                wiiuse_handshake_expansion
 .text.wiiuse_handshake_expansion_start
                0x80e290d4       0x5c C:/devkitPro/libogc/lib/wii\libwiiuse.a(io.o)
                0x80e290d4                wiiuse_handshake_expansion_start
 .text.wiiuse_disable_expansion
                0x80e29130      0x1b0 C:/devkitPro/libogc/lib/wii\libwiiuse.a(io.o)
                0x80e29130                wiiuse_disable_expansion
 .text.__wiiuse_connected
                0x80e292e0       0x9c C:/devkitPro/libogc/lib/wii\libwiiuse.a(io_wii.o)
 .text.__wiiuse_disconnected
                0x80e2937c       0xb4 C:/devkitPro/libogc/lib/wii\libwiiuse.a(io_wii.o)
 .text.__wiiuse_receive
                0x80e29430       0xc4 C:/devkitPro/libogc/lib/wii\libwiiuse.a(io_wii.o)
 .text.__wiiuse_sensorbar_enable
                0x80e294f4       0x74 C:/devkitPro/libogc/lib/wii\libwiiuse.a(io_wii.o)
                0x80e294f4                __wiiuse_sensorbar_enable
 .text.wiiuse_register
                0x80e29568       0xe4 C:/devkitPro/libogc/lib/wii\libwiiuse.a(io_wii.o)
                0x80e29568                wiiuse_register
 .text.wiiuse_disconnect
                0x80e2964c       0x24 C:/devkitPro/libogc/lib/wii\libwiiuse.a(io_wii.o)
                0x80e2964c                wiiuse_disconnect
 .text.wiiuse_init_cmd_queue
                0x80e29670       0xa4 C:/devkitPro/libogc/lib/wii\libwiiuse.a(io_wii.o)
                0x80e29670                wiiuse_init_cmd_queue
 .text.wiiuse_io_write
                0x80e29714       0x1c C:/devkitPro/libogc/lib/wii\libwiiuse.a(io_wii.o)
                0x80e29714                wiiuse_io_write
 .text.rotate_dots
                0x80e29730      0x134 C:/devkitPro/libogc/lib/wii\libwiiuse.a(ir.o)
 .text.wiiuse_set_ir_mode
                0x80e29864       0x5c C:/devkitPro/libogc/lib/wii\libwiiuse.a(ir.o)
                0x80e29864                wiiuse_set_ir_mode
 .text.wiiuse_set_ir
                0x80e298c0      0x298 C:/devkitPro/libogc/lib/wii\libwiiuse.a(ir.o)
                0x80e298c0                wiiuse_set_ir
 .text.wiiuse_set_ir_vres
                0x80e29b58       0x1c C:/devkitPro/libogc/lib/wii\libwiiuse.a(ir.o)
                0x80e29b58                wiiuse_set_ir_vres
 .text.wiiuse_set_ir_position
                0x80e29b74       0x80 C:/devkitPro/libogc/lib/wii\libwiiuse.a(ir.o)
                0x80e29b74                wiiuse_set_ir_position
 .text.wiiuse_set_aspect_ratio
                0x80e29bf4       0xac C:/devkitPro/libogc/lib/wii\libwiiuse.a(ir.o)
                0x80e29bf4                wiiuse_set_aspect_ratio
 .text.wiiuse_set_ir_sensitivity
                0x80e29ca0      0x190 C:/devkitPro/libogc/lib/wii\libwiiuse.a(ir.o)
                0x80e29ca0                wiiuse_set_ir_sensitivity
 .text.calculate_basic_ir
                0x80e29e30       0xe8 C:/devkitPro/libogc/lib/wii\libwiiuse.a(ir.o)
                0x80e29e30                calculate_basic_ir
 .text.calculate_extended_ir
                0x80e29f18       0x64 C:/devkitPro/libogc/lib/wii\libwiiuse.a(ir.o)
                0x80e29f18                calculate_extended_ir
 .text.find_sensorbar
                0x80e29f7c      0xb00 C:/devkitPro/libogc/lib/wii\libwiiuse.a(ir.o)
                0x80e29f7c                find_sensorbar
 .text.apply_ir_smoothing
                0x80e2aa7c      0x120 C:/devkitPro/libogc/lib/wii\libwiiuse.a(ir.o)
                0x80e2aa7c                apply_ir_smoothing
 .text.interpret_ir_data
                0x80e2ab9c      0x3d0 C:/devkitPro/libogc/lib/wii\libwiiuse.a(ir.o)
                0x80e2ab9c                interpret_ir_data
 .text.nunchuk_handshake
                0x80e2af6c      0x360 C:/devkitPro/libogc/lib/wii\libwiiuse.a(nunchuk.o)
                0x80e2af6c                nunchuk_handshake
 .text.nunchuk_disconnected
                0x80e2b2cc        0xc C:/devkitPro/libogc/lib/wii\libwiiuse.a(nunchuk.o)
                0x80e2b2cc                nunchuk_disconnected
 .text.nunchuk_event
                0x80e2b2d8       0xe8 C:/devkitPro/libogc/lib/wii\libwiiuse.a(nunchuk.o)
                0x80e2b2d8                nunchuk_event
 .text.wii_board_handshake
                0x80e2b3c0      0x28c C:/devkitPro/libogc/lib/wii\libwiiuse.a(wiiboard.o)
                0x80e2b3c0                wii_board_handshake
 .text.wii_board_disconnected
                0x80e2b64c        0xc C:/devkitPro/libogc/lib/wii\libwiiuse.a(wiiboard.o)
                0x80e2b64c                wii_board_disconnected
 .text.wii_board_event
                0x80e2b658       0x24 C:/devkitPro/libogc/lib/wii\libwiiuse.a(wiiboard.o)
                0x80e2b658                wii_board_event
 .text.wiiuse_send_next_command
                0x80e2b67c       0x58 C:/devkitPro/libogc/lib/wii\libwiiuse.a(wiiuse.o)
                0x80e2b67c                wiiuse_send_next_command
 .text.wiiuse_init
                0x80e2b6d4      0x1fc C:/devkitPro/libogc/lib/wii\libwiiuse.a(wiiuse.o)
                0x80e2b6d4                wiiuse_init
 .text.wiiuse_set_flags
                0x80e2b8d0       0x28 C:/devkitPro/libogc/lib/wii\libwiiuse.a(wiiuse.o)
                0x80e2b8d0                wiiuse_set_flags
 .text.wiiuse_read_data
                0x80e2b8f8      0x12c C:/devkitPro/libogc/lib/wii\libwiiuse.a(wiiuse.o)
                0x80e2b8f8                wiiuse_read_data
 .text.wiiuse_write_data
                0x80e2ba24      0x160 C:/devkitPro/libogc/lib/wii\libwiiuse.a(wiiuse.o)
                0x80e2ba24                wiiuse_write_data
 .text.wiiuse_sendcmd
                0x80e2bb84      0x14c C:/devkitPro/libogc/lib/wii\libwiiuse.a(wiiuse.o)
                0x80e2bb84                wiiuse_sendcmd
 .text.wiiuse_set_leds
                0x80e2bcd0       0x50 C:/devkitPro/libogc/lib/wii\libwiiuse.a(wiiuse.o)
                0x80e2bcd0                wiiuse_set_leds
 .text.wiiuse_set_report_type
                0x80e2bd20       0xb4 C:/devkitPro/libogc/lib/wii\libwiiuse.a(wiiuse.o)
                0x80e2bd20                wiiuse_set_report_type
 .text.wiiuse_status
                0x80e2bdd4       0x4c C:/devkitPro/libogc/lib/wii\libwiiuse.a(wiiuse.o)
                0x80e2bdd4                wiiuse_status
 .text.wiiuse_motion_sensing
                0x80e2be20       0x84 C:/devkitPro/libogc/lib/wii\libwiiuse.a(wiiuse.o)
                0x80e2be20                wiiuse_motion_sensing
 .text.wiiuse_set_speaker
                0x80e2bea4      0x258 C:/devkitPro/libogc/lib/wii\libwiiuse.a(speaker.o)
                0x80e2bea4                wiiuse_set_speaker
 .text.classic_ctrl_handshake
                0x80e2c0fc      0x460 C:/devkitPro/libogc/lib/wii\libwiiuse.a(classic.o)
                0x80e2c0fc                classic_ctrl_handshake
 .text.classic_ctrl_disconnected
                0x80e2c55c        0xc C:/devkitPro/libogc/lib/wii\libwiiuse.a(classic.o)
                0x80e2c55c                classic_ctrl_disconnected
 .text.classic_ctrl_event
                0x80e2c568      0x15c C:/devkitPro/libogc/lib/wii\libwiiuse.a(classic.o)
                0x80e2c568                classic_ctrl_event
 .text.handle_expansion
                0x80e2c6c4       0x54 C:/devkitPro/libogc/lib/wii\libwiiuse.a(events.o)
 .text.parse_event
                0x80e2c718      0x76c C:/devkitPro/libogc/lib/wii\libwiiuse.a(events.o)
                0x80e2c718                parse_event
 .text.guitar_hero_3_handshake
                0x80e2ce84       0x5c C:/devkitPro/libogc/lib/wii\libwiiuse.a(guitar_hero_3.o)
                0x80e2ce84                guitar_hero_3_handshake
 .text.guitar_hero_3_disconnected
                0x80e2cee0        0xc C:/devkitPro/libogc/lib/wii\libwiiuse.a(guitar_hero_3.o)
                0x80e2cee0                guitar_hero_3_disconnected
 .text.guitar_hero_3_event
                0x80e2ceec       0x60 C:/devkitPro/libogc/lib/wii\libwiiuse.a(guitar_hero_3.o)
                0x80e2ceec                guitar_hero_3_event
 .text.acl_wlp_completed
                0x80e2cf4c        0x8 C:/devkitPro/libogc/lib/wii\libbte.a(bte.o)
                0x80e2cf4c                acl_wlp_completed
 .text.bt_alarmhandler
                0x80e2cf54       0x58 C:/devkitPro/libogc/lib/wii\libbte.a(bte.o)
 .text.__bte_send_pending_request
                0x80e2cfac      0x108 C:/devkitPro/libogc/lib/wii\libbte.a(bte.o)
 .text.acl_conn_complete
                0x80e2d0b4       0x2c C:/devkitPro/libogc/lib/wii\libbte.a(bte.o)
                0x80e2d0b4                acl_conn_complete
 .text.l2cap_accepted
                0x80e2d0e0      0x11c C:/devkitPro/libogc/lib/wii\libbte.a(bte.o)
                0x80e2d0e0                l2cap_accepted
 .text.l2cap_disconnect_cfm
                0x80e2d1fc      0x180 C:/devkitPro/libogc/lib/wii\libbte.a(bte.o)
                0x80e2d1fc                l2cap_disconnect_cfm
 .text.bte_process_input
                0x80e2d37c      0x120 C:/devkitPro/libogc/lib/wii\libbte.a(bte.o)
 .text.l2cap_disconnected_ind
                0x80e2d49c      0x18c C:/devkitPro/libogc/lib/wii\libbte.a(bte.o)
                0x80e2d49c                l2cap_disconnected_ind
 .text.__bte_shutdown_finished
                0x80e2d628       0xe0 C:/devkitPro/libogc/lib/wii\libbte.a(bte.o)
 .text.bte_hci_apply_patch_complete
                0x80e2d708      0x168 C:/devkitPro/libogc/lib/wii\libbte.a(bte.o)
                0x80e2d708                bte_hci_apply_patch_complete
 .text.bte_hci_patch_complete
                0x80e2d870      0x370 C:/devkitPro/libogc/lib/wii\libbte.a(bte.o)
                0x80e2d870                bte_hci_patch_complete
 .text.bte_hci_initcore_complete
                0x80e2dbe0      0x254 C:/devkitPro/libogc/lib/wii\libbte.a(bte.o)
                0x80e2dbe0                bte_hci_initcore_complete
 .text.bte_read_stored_link_key_complete
                0x80e2de34      0x268 C:/devkitPro/libogc/lib/wii\libbte.a(bte.o)
                0x80e2de34                bte_read_stored_link_key_complete
 .text.bte_hci_initcore_complete2
                0x80e2e09c      0x224 C:/devkitPro/libogc/lib/wii\libbte.a(bte.o)
 .text.bte_hci_initsub_complete
                0x80e2e2c0      0x274 C:/devkitPro/libogc/lib/wii\libbte.a(bte.o)
                0x80e2e2c0                bte_hci_initsub_complete
 .text.BTE_Init
                0x80e2e534      0x138 C:/devkitPro/libogc/lib/wii\libbte.a(bte.o)
                0x80e2e534                BTE_Init
 .text.BTE_Shutdown
                0x80e2e66c      0x100 C:/devkitPro/libogc/lib/wii\libbte.a(bte.o)
                0x80e2e66c                BTE_Shutdown
 .text.BTE_InitCore
                0x80e2e76c       0x8c C:/devkitPro/libogc/lib/wii\libbte.a(bte.o)
                0x80e2e76c                BTE_InitCore
 .text.BTE_ApplyPatch
                0x80e2e7f8       0xa4 C:/devkitPro/libogc/lib/wii\libbte.a(bte.o)
                0x80e2e7f8                BTE_ApplyPatch
 .text.BTE_InitSub
                0x80e2e89c       0x90 C:/devkitPro/libogc/lib/wii\libbte.a(bte.o)
                0x80e2e89c                BTE_InitSub
 .text.BTE_ReadStoredLinkKey
                0x80e2e92c       0x90 C:/devkitPro/libogc/lib/wii\libbte.a(bte.o)
                0x80e2e92c                BTE_ReadStoredLinkKey
 .text.BTE_SetDisconnectCallback
                0x80e2e9bc        0x4 C:/devkitPro/libogc/lib/wii\libbte.a(bte.o)
                0x80e2e9bc                BTE_SetDisconnectCallback
 .text.bte_new  0x80e2e9c0       0x54 C:/devkitPro/libogc/lib/wii\libbte.a(bte.o)
                0x80e2e9c0                bte_new
 .text.bte_registerdeviceasync
                0x80e2ea14      0x168 C:/devkitPro/libogc/lib/wii\libbte.a(bte.o)
                0x80e2ea14                bte_registerdeviceasync
 .text.bte_disconnect
                0x80e2eb7c       0xd8 C:/devkitPro/libogc/lib/wii\libbte.a(bte.o)
                0x80e2eb7c                bte_disconnect
 .text.bte_senddata
                0x80e2ec54      0x104 C:/devkitPro/libogc/lib/wii\libbte.a(bte.o)
                0x80e2ec54                bte_senddata
 .text.bte_arg  0x80e2ed58       0x38 C:/devkitPro/libogc/lib/wii\libbte.a(bte.o)
                0x80e2ed58                bte_arg
 .text.bte_received
                0x80e2ed90       0x38 C:/devkitPro/libogc/lib/wii\libbte.a(bte.o)
                0x80e2ed90                bte_received
 .text.bte_disconnected
                0x80e2edc8       0x38 C:/devkitPro/libogc/lib/wii\libbte.a(bte.o)
                0x80e2edc8                bte_disconnected
 .text.hci_get_link
                0x80e2ee00       0x84 C:/devkitPro/libogc/lib/wii\libbte.a(hci.o)
 .text.hci_init
                0x80e2ee84       0x7c C:/devkitPro/libogc/lib/wii\libbte.a(hci.o)
                0x80e2ee84                hci_init
 .text.hci_close
                0x80e2ef00      0x134 C:/devkitPro/libogc/lib/wii\libbte.a(hci.o)
                0x80e2ef00                hci_close
 .text.hci_reset_all
                0x80e2f034       0xa8 C:/devkitPro/libogc/lib/wii\libbte.a(hci.o)
                0x80e2f034                hci_reset_all
 .text.hci_arg  0x80e2f0dc        0xc C:/devkitPro/libogc/lib/wii\libbte.a(hci.o)
                0x80e2f0dc                hci_arg
 .text.hci_cmd_complete
                0x80e2f0e8        0xc C:/devkitPro/libogc/lib/wii\libbte.a(hci.o)
                0x80e2f0e8                hci_cmd_complete
 .text.hci_connection_complete
                0x80e2f0f4        0xc C:/devkitPro/libogc/lib/wii\libbte.a(hci.o)
                0x80e2f0f4                hci_connection_complete
 .text.hci_wlp_complete
                0x80e2f100        0xc C:/devkitPro/libogc/lib/wii\libbte.a(hci.o)
                0x80e2f100                hci_wlp_complete
 .text.hci_reset
                0x80e2f10c       0xa0 C:/devkitPro/libogc/lib/wii\libbte.a(hci.o)
                0x80e2f10c                hci_reset
 .text.hci_read_buffer_size
                0x80e2f1ac       0xa0 C:/devkitPro/libogc/lib/wii\libbte.a(hci.o)
                0x80e2f1ac                hci_read_buffer_size
 .text.hci_read_bd_addr
                0x80e2f24c       0xa0 C:/devkitPro/libogc/lib/wii\libbte.a(hci.o)
                0x80e2f24c                hci_read_bd_addr
 .text.hci_read_local_version
                0x80e2f2ec       0x9c C:/devkitPro/libogc/lib/wii\libbte.a(hci.o)
                0x80e2f2ec                hci_read_local_version
 .text.hci_read_local_features
                0x80e2f388       0xa0 C:/devkitPro/libogc/lib/wii\libbte.a(hci.o)
                0x80e2f388                hci_read_local_features
 .text.hci_read_stored_link_key
                0x80e2f428       0xf0 C:/devkitPro/libogc/lib/wii\libbte.a(hci.o)
                0x80e2f428                hci_read_stored_link_key
 .text.hci_write_page_timeout
                0x80e2f518       0xc4 C:/devkitPro/libogc/lib/wii\libbte.a(hci.o)
                0x80e2f518                hci_write_page_timeout
 .text.hci_write_scan_enable
                0x80e2f5dc       0xb0 C:/devkitPro/libogc/lib/wii\libbte.a(hci.o)
                0x80e2f5dc                hci_write_scan_enable
 .text.hci_accecpt_conn_request
                0x80e2f68c       0xd4 C:/devkitPro/libogc/lib/wii\libbte.a(hci.o)
                0x80e2f68c                hci_accecpt_conn_request
 .text.hci_write_local_name
                0x80e2f760       0xdc C:/devkitPro/libogc/lib/wii\libbte.a(hci.o)
                0x80e2f760                hci_write_local_name
 .text.hci_write_pin_type
                0x80e2f83c       0xb0 C:/devkitPro/libogc/lib/wii\libbte.a(hci.o)
                0x80e2f83c                hci_write_pin_type
 .text.hci_write_inquiry_mode
                0x80e2f8ec       0xb0 C:/devkitPro/libogc/lib/wii\libbte.a(hci.o)
                0x80e2f8ec                hci_write_inquiry_mode
 .text.hci_write_page_scan_type
                0x80e2f99c       0xb0 C:/devkitPro/libogc/lib/wii\libbte.a(hci.o)
                0x80e2f99c                hci_write_page_scan_type
 .text.hci_write_inquiry_scan_type
                0x80e2fa4c       0xb0 C:/devkitPro/libogc/lib/wii\libbte.a(hci.o)
                0x80e2fa4c                hci_write_inquiry_scan_type
 .text.hci_vendor_specific_command
                0x80e2fafc       0xe8 C:/devkitPro/libogc/lib/wii\libbte.a(hci.o)
                0x80e2fafc                hci_vendor_specific_command
 .text.hci_write_link_policy_settings
                0x80e2fbe4       0xf4 C:/devkitPro/libogc/lib/wii\libbte.a(hci.o)
                0x80e2fbe4                hci_write_link_policy_settings
 .text.hci_pin_code_request_neg_reply
                0x80e2fcd8       0xc0 C:/devkitPro/libogc/lib/wii\libbte.a(hci.o)
                0x80e2fcd8                hci_pin_code_request_neg_reply
 .text.hci_link_key_req_neg_reply
                0x80e2fd98       0xc0 C:/devkitPro/libogc/lib/wii\libbte.a(hci.o)
                0x80e2fd98                hci_link_key_req_neg_reply
 .text.hci_disconnect
                0x80e2fe58       0xec C:/devkitPro/libogc/lib/wii\libbte.a(hci.o)
                0x80e2fe58                hci_disconnect
 .text.hci_write_cod
                0x80e2ff44       0xc0 C:/devkitPro/libogc/lib/wii\libbte.a(hci.o)
                0x80e2ff44                hci_write_cod
 .text.hci_host_buffer_size
                0x80e30004      0x100 C:/devkitPro/libogc/lib/wii\libbte.a(hci.o)
                0x80e30004                hci_host_buffer_size
 .text.hci_host_num_comp_packets
                0x80e30104       0xfc C:/devkitPro/libogc/lib/wii\libbte.a(hci.o)
                0x80e30104                hci_host_num_comp_packets
 .text.lp_pdu_maxsize
                0x80e30200        0xc C:/devkitPro/libogc/lib/wii\libbte.a(hci.o)
                0x80e30200                lp_pdu_maxsize
 .text.lp_acl_write
                0x80e3020c      0x154 C:/devkitPro/libogc/lib/wii\libbte.a(hci.o)
                0x80e3020c                lp_acl_write
 .text.lp_write_flush_timeout
                0x80e30360       0xf4 C:/devkitPro/libogc/lib/wii\libbte.a(hci.o)
                0x80e30360                lp_write_flush_timeout
 .text.hci_event_handler
                0x80e30454      0xc74 C:/devkitPro/libogc/lib/wii\libbte.a(hci.o)
                0x80e30454                hci_event_handler
 .text.hci_acldata_handler
                0x80e310c8      0x110 C:/devkitPro/libogc/lib/wii\libbte.a(hci.o)
                0x80e310c8                hci_acldata_handler
 .text.l2cap_init
                0x80e311d8       0x60 C:/devkitPro/libogc/lib/wii\libbte.a(l2cap.o)
                0x80e311d8                l2cap_init
 .text.l2cap_write
                0x80e31238      0x1a0 C:/devkitPro/libogc/lib/wii\libbte.a(l2cap.o)
                0x80e31238                l2cap_write
 .text.l2cap_new
                0x80e313d8       0x60 C:/devkitPro/libogc/lib/wii\libbte.a(l2cap.o)
                0x80e313d8                l2cap_new
 .text.l2cap_close
                0x80e31438      0x1c0 C:/devkitPro/libogc/lib/wii\libbte.a(l2cap.o)
                0x80e31438                l2cap_close
 .text.l2cap_reset_all
                0x80e315f8      0x148 C:/devkitPro/libogc/lib/wii\libbte.a(l2cap.o)
                0x80e315f8                l2cap_reset_all
 .text.l2cap_signal
                0x80e31740      0x204 C:/devkitPro/libogc/lib/wii\libbte.a(l2cap.o)
                0x80e31740                l2cap_signal
 .text.l2ca_config_req
                0x80e31944      0x13c C:/devkitPro/libogc/lib/wii\libbte.a(l2cap.o)
                0x80e31944                l2ca_config_req
 .text.l2ca_disconnect_req
                0x80e31a80       0xcc C:/devkitPro/libogc/lib/wii\libbte.a(l2cap.o)
                0x80e31a80                l2ca_disconnect_req
 .text.l2cap_tmr
                0x80e31b4c      0x260 C:/devkitPro/libogc/lib/wii\libbte.a(l2cap.o)
                0x80e31b4c                l2cap_tmr
 .text.l2cap_process_sig
                0x80e31dac     0x1318 C:/devkitPro/libogc/lib/wii\libbte.a(l2cap.o)
                0x80e31dac                l2cap_process_sig
 .text.l2cap_input
                0x80e330c4      0x5b8 C:/devkitPro/libogc/lib/wii\libbte.a(l2cap.o)
                0x80e330c4                l2cap_input
 .text.l2ca_datawrite
                0x80e3367c      0x128 C:/devkitPro/libogc/lib/wii\libbte.a(l2cap.o)
                0x80e3367c                l2ca_datawrite
 .text.lp_connect_cfm
                0x80e337a4      0x17c C:/devkitPro/libogc/lib/wii\libbte.a(l2cap.o)
                0x80e337a4                lp_connect_cfm
 .text.lp_connect_ind
                0x80e33920        0x4 C:/devkitPro/libogc/lib/wii\libbte.a(l2cap.o)
                0x80e33920                lp_connect_ind
 .text.lp_disconnect_ind
                0x80e33924      0x1b0 C:/devkitPro/libogc/lib/wii\libbte.a(l2cap.o)
                0x80e33924                lp_disconnect_ind
 .text.l2cap_disconnect_bb
                0x80e33ad4       0x10 C:/devkitPro/libogc/lib/wii\libbte.a(l2cap.o)
                0x80e33ad4                l2cap_disconnect_bb
 .text.l2cap_arg
                0x80e33ae4        0x8 C:/devkitPro/libogc/lib/wii\libbte.a(l2cap.o)
                0x80e33ae4                l2cap_arg
 .text.l2cap_connect_ind
                0x80e33aec      0x100 C:/devkitPro/libogc/lib/wii\libbte.a(l2cap.o)
                0x80e33aec                l2cap_connect_ind
 .text.l2cap_disconnect_ind
                0x80e33bec        0x8 C:/devkitPro/libogc/lib/wii\libbte.a(l2cap.o)
                0x80e33bec                l2cap_disconnect_ind
 .text.l2cap_recv
                0x80e33bf4        0x8 C:/devkitPro/libogc/lib/wii\libbte.a(l2cap.o)
                0x80e33bf4                l2cap_recv
 .text.btmemb_init
                0x80e33bfc       0x24 C:/devkitPro/libogc/lib/wii\libbte.a(btmemb.o)
                0x80e33bfc                btmemb_init
 .text.btmemb_alloc
                0x80e33c20       0x98 C:/devkitPro/libogc/lib/wii\libbte.a(btmemb.o)
                0x80e33c20                btmemb_alloc
 .text.btmemb_free
                0x80e33cb8       0xe0 C:/devkitPro/libogc/lib/wii\libbte.a(btmemb.o)
                0x80e33cb8                btmemb_free
 .text.plug_holes
                0x80e33d98       0xac C:/devkitPro/libogc/lib/wii\libbte.a(btmemr.o)
 .text.btmemr_init
                0x80e33e44       0xa4 C:/devkitPro/libogc/lib/wii\libbte.a(btmemr.o)
                0x80e33e44                btmemr_init
 .text.btmemr_malloc
                0x80e33ee8      0x180 C:/devkitPro/libogc/lib/wii\libbte.a(btmemr.o)
                0x80e33ee8                btmemr_malloc
 .text.btmemr_free
                0x80e34068       0x98 C:/devkitPro/libogc/lib/wii\libbte.a(btmemr.o)
                0x80e34068                btmemr_free
 .text.btmemr_realloc
                0x80e34100      0x120 C:/devkitPro/libogc/lib/wii\libbte.a(btmemr.o)
                0x80e34100                btmemr_realloc
 .text.btpbuf_init
                0x80e34220       0x28 C:/devkitPro/libogc/lib/wii\libbte.a(btpbuf.o)
                0x80e34220                btpbuf_init
 .text.btpbuf_free
                0x80e34248      0x104 C:/devkitPro/libogc/lib/wii\libbte.a(btpbuf.o)
                0x80e34248                btpbuf_free
 .text.btpbuf_alloc
                0x80e3434c      0x270 C:/devkitPro/libogc/lib/wii\libbte.a(btpbuf.o)
                0x80e3434c                btpbuf_alloc
 .text.btpbuf_realloc
                0x80e345bc      0x120 C:/devkitPro/libogc/lib/wii\libbte.a(btpbuf.o)
                0x80e345bc                btpbuf_realloc
 .text.btpbuf_header
                0x80e346dc       0x84 C:/devkitPro/libogc/lib/wii\libbte.a(btpbuf.o)
                0x80e346dc                btpbuf_header
 .text.btpbuf_ref
                0x80e34760       0x48 C:/devkitPro/libogc/lib/wii\libbte.a(btpbuf.o)
                0x80e34760                btpbuf_ref
 .text.btpbuf_chain
                0x80e347a8       0x9c C:/devkitPro/libogc/lib/wii\libbte.a(btpbuf.o)
                0x80e347a8                btpbuf_chain
 .text.btpbuf_dechain
                0x80e34844       0x7c C:/devkitPro/libogc/lib/wii\libbte.a(btpbuf.o)
                0x80e34844                btpbuf_dechain
 .text.btpbuf_take
                0x80e348c0      0x13c C:/devkitPro/libogc/lib/wii\libbte.a(btpbuf.o)
                0x80e348c0                btpbuf_take
 .text.__usb_closeCB
                0x80e349fc       0x10 C:/devkitPro/libogc/lib/wii\libbte.a(physbusif.o)
 .text.__writebulkmsgCB
                0x80e34a0c       0x3c C:/devkitPro/libogc/lib/wii\libbte.a(physbusif.o)
 .text.__writectrlmsgCB
                0x80e34a48       0x3c C:/devkitPro/libogc/lib/wii\libbte.a(physbusif.o)
 .text.__issue_intrread.part.0
                0x80e34a84       0x80 C:/devkitPro/libogc/lib/wii\libbte.a(physbusif.o)
 .text.__readintrdataCB
                0x80e34b04      0x150 C:/devkitPro/libogc/lib/wii\libbte.a(physbusif.o)
 .text.__issue_bulkread.part.0
                0x80e34c54       0x80 C:/devkitPro/libogc/lib/wii\libbte.a(physbusif.o)
 .text.__readbulkdataCB
                0x80e34cd4      0x150 C:/devkitPro/libogc/lib/wii\libbte.a(physbusif.o)
 .text.physbusif_init
                0x80e34e24      0x1ec C:/devkitPro/libogc/lib/wii\libbte.a(physbusif.o)
                0x80e34e24                physbusif_init
 .text.physbusif_close
                0x80e35010       0x20 C:/devkitPro/libogc/lib/wii\libbte.a(physbusif.o)
                0x80e35010                physbusif_close
 .text.physbusif_shutdown
                0x80e35030       0x24 C:/devkitPro/libogc/lib/wii\libbte.a(physbusif.o)
                0x80e35030                physbusif_shutdown
 .text.physbusif_reset_all
                0x80e35054        0x4 C:/devkitPro/libogc/lib/wii\libbte.a(physbusif.o)
                0x80e35054                physbusif_reset_all
 .text.physbusif_output
                0x80e35058      0x1f4 C:/devkitPro/libogc/lib/wii\libbte.a(physbusif.o)
                0x80e35058                physbusif_output
 .text.dvmMountVolume
                0x80e3524c      0x200 C:/devkitPro/libogc/lib/wii\libfat.a(dvm_volume.o)
                0x80e3524c                dvmMountVolume
 .text.dvmUnmountVolume
                0x80e3544c       0x9c C:/devkitPro/libogc/lib/wii\libfat.a(dvm_volume.o)
                0x80e3544c                dvmUnmountVolume
 .text.fatMountSimple
                0x80e354e8       0xd0 C:/devkitPro/libogc/lib/wii\libfat.a(fat_wrappers.o)
                0x80e354e8                fatMountSimple
 .text._FAT_fstat_r
                0x80e355b8      0x118 C:/devkitPro/libogc/lib/wii\libfat.a(fat_driver.o)
 .text._FAT_umount
                0x80e356d0       0x34 C:/devkitPro/libogc/lib/wii\libfat.a(fat_driver.o)
 .text._FAT_mount
                0x80e35704       0x78 C:/devkitPro/libogc/lib/wii\libfat.a(fat_driver.o)
 .text._FAT_seek_r
                0x80e3577c      0x188 C:/devkitPro/libogc/lib/wii\libfat.a(fat_driver.o)
 .text._FAT_set_stat
                0x80e35904      0x124 C:/devkitPro/libogc/lib/wii\libfat.a(fat_driver.o)
 .text._FAT_mkdir_r
                0x80e35a28       0x94 C:/devkitPro/libogc/lib/wii\libfat.a(fat_driver.o)
 .text._FAT_chdir_r
                0x80e35abc       0x94 C:/devkitPro/libogc/lib/wii\libfat.a(fat_driver.o)
 .text._FAT_unlink_r
                0x80e35b50       0x98 C:/devkitPro/libogc/lib/wii\libfat.a(fat_driver.o)
 .text._FAT_rmdir_r
                0x80e35be8       0x98 C:/devkitPro/libogc/lib/wii\libfat.a(fat_driver.o)
 .text._FAT_diropen_r
                0x80e35c80       0xb0 C:/devkitPro/libogc/lib/wii\libfat.a(fat_driver.o)
 .text._FAT_fsync_r
                0x80e35d30       0xac C:/devkitPro/libogc/lib/wii\libfat.a(fat_driver.o)
 .text._FAT_close_r
                0x80e35ddc       0xac C:/devkitPro/libogc/lib/wii\libfat.a(fat_driver.o)
 .text._FAT_dirclose_r
                0x80e35e88       0xac C:/devkitPro/libogc/lib/wii\libfat.a(fat_driver.o)
 .text._FAT_dirreset_r
                0x80e35f34       0xb0 C:/devkitPro/libogc/lib/wii\libfat.a(fat_driver.o)
 .text._FAT_rename_r
                0x80e35fe4       0xbc C:/devkitPro/libogc/lib/wii\libfat.a(fat_driver.o)
 .text._FAT_stat_r
                0x80e360a0       0xf0 C:/devkitPro/libogc/lib/wii\libfat.a(fat_driver.o)
 .text._FAT_read_r
                0x80e36190       0x9c C:/devkitPro/libogc/lib/wii\libfat.a(fat_driver.o)
 .text._FAT_write_r
                0x80e3622c       0x9c C:/devkitPro/libogc/lib/wii\libfat.a(fat_driver.o)
 .text._FAT_statvfs_r
                0x80e362c8      0x124 C:/devkitPro/libogc/lib/wii\libfat.a(fat_driver.o)
 .text._FAT_ftruncate_r
                0x80e363ec      0x1d8 C:/devkitPro/libogc/lib/wii\libfat.a(fat_driver.o)
 .text._FAT_dirnext_r
                0x80e365c4      0x1a0 C:/devkitPro/libogc/lib/wii\libfat.a(fat_driver.o)
 .text._FAT_open_r
                0x80e36764      0x17c C:/devkitPro/libogc/lib/wii\libfat.a(fat_driver.o)
 .text.get_fattime
                0x80e368e0       0x8c C:/devkitPro/libogc/lib/wii\libfat.a(fat_driver.o)
                0x80e368e0                get_fattime
 .text.ff_mutex_create
                0x80e3696c       0x28 C:/devkitPro/libogc/lib/wii\libfat.a(fat_driver.o)
                0x80e3696c                ff_mutex_create
 .text.ff_mutex_delete
                0x80e36994        0x8 C:/devkitPro/libogc/lib/wii\libfat.a(fat_driver.o)
                0x80e36994                ff_mutex_delete
 .text.ff_mutex_take
                0x80e3699c       0x60 C:/devkitPro/libogc/lib/wii\libfat.a(fat_driver.o)
                0x80e3699c                ff_mutex_take
 .text.ff_mutex_give
                0x80e369fc        0x8 C:/devkitPro/libogc/lib/wii\libfat.a(fat_driver.o)
                0x80e369fc                ff_mutex_give
 .text.disk_initialize
                0x80e36a04       0x24 C:/devkitPro/libogc/lib/wii\libfat.a(fat_driver.o)
                0x80e36a04                disk_initialize
 .text.disk_status
                0x80e36a28       0x24 C:/devkitPro/libogc/lib/wii\libfat.a(fat_driver.o)
                0x80e36a28                disk_status
 .text.disk_read
                0x80e36a4c       0x44 C:/devkitPro/libogc/lib/wii\libfat.a(fat_driver.o)
                0x80e36a4c                disk_read
 .text.disk_write
                0x80e36a90       0x44 C:/devkitPro/libogc/lib/wii\libfat.a(fat_driver.o)
                0x80e36a90                disk_write
 .text.disk_ioctl
                0x80e36ad4       0x5c C:/devkitPro/libogc/lib/wii\libfat.a(fat_driver.o)
                0x80e36ad4                disk_ioctl
 .text._dvmDetectSectorShift
                0x80e36b30       0x34 C:/devkitPro/libogc/lib/wii\libfat.a(dvm_libogc.o)
                0x80e36b30                _dvmDetectSectorShift
 .text.tchar2uni
                0x80e36b64       0xe8 C:/devkitPro/libogc/lib/wii\libfat.a(ff.o)
 .text.sync_window
                0x80e36c4c       0xb0 C:/devkitPro/libogc/lib/wii\libfat.a(ff.o)
 .text.validate
                0x80e36cfc       0xd8 C:/devkitPro/libogc/lib/wii\libfat.a(ff.o)
 .text.put_utf  0x80e36dd4      0x148 C:/devkitPro/libogc/lib/wii\libfat.a(ff.o)
 .text.dir_clear
                0x80e36f1c       0xdc C:/devkitPro/libogc/lib/wii\libfat.a(ff.o)
 .text.get_fileinfo
                0x80e36ff8      0x2fc C:/devkitPro/libogc/lib/wii\libfat.a(ff.o)
 .text.sync_fs  0x80e372f4      0x178 C:/devkitPro/libogc/lib/wii\libfat.a(ff.o)
 .text.move_window
                0x80e3746c       0xfc C:/devkitPro/libogc/lib/wii\libfat.a(ff.o)
 .text.put_fat.part.0
                0x80e37568      0x214 C:/devkitPro/libogc/lib/wii\libfat.a(ff.o)
 .text.get_fat.isra.0
                0x80e3777c      0x224 C:/devkitPro/libogc/lib/wii\libfat.a(ff.o)
 .text.remove_chain
                0x80e379a0      0x1a4 C:/devkitPro/libogc/lib/wii\libfat.a(ff.o)
 .text.create_chain
                0x80e37b44      0x2ac C:/devkitPro/libogc/lib/wii\libfat.a(ff.o)
 .text.dir_next
                0x80e37df0      0x218 C:/devkitPro/libogc/lib/wii\libfat.a(ff.o)
 .text.dir_read
                0x80e38008      0x304 C:/devkitPro/libogc/lib/wii\libfat.a(ff.o)
 .text.dir_sdi  0x80e3830c      0x1e0 C:/devkitPro/libogc/lib/wii\libfat.a(ff.o)
 .text.dir_alloc
                0x80e384ec      0x170 C:/devkitPro/libogc/lib/wii\libfat.a(ff.o)
 .text.dir_remove
                0x80e3865c      0x1b0 C:/devkitPro/libogc/lib/wii\libfat.a(ff.o)
 .text.dir_find
                0x80e3880c      0x38c C:/devkitPro/libogc/lib/wii\libfat.a(ff.o)
 .text.follow_path
                0x80e38b98      0x708 C:/devkitPro/libogc/lib/wii\libfat.a(ff.o)
 .text.dir_register
                0x80e392a0      0x500 C:/devkitPro/libogc/lib/wii\libfat.a(ff.o)
 .text.check_fs
                0x80e397a0      0x304 C:/devkitPro/libogc/lib/wii\libfat.a(ff.o)
 .text.mount_volume.part.0
                0x80e39aa4      0x4f8 C:/devkitPro/libogc/lib/wii\libfat.a(ff.o)
 .text.f_mount  0x80e39f9c       0xb0 C:/devkitPro/libogc/lib/wii\libfat.a(ff.o)
                0x80e39f9c                f_mount
 .text.f_umount
                0x80e3a04c       0x3c C:/devkitPro/libogc/lib/wii\libfat.a(ff.o)
                0x80e3a04c                f_umount
 .text.f_open   0x80e3a088      0x404 C:/devkitPro/libogc/lib/wii\libfat.a(ff.o)
                0x80e3a088                f_open
 .text.f_read   0x80e3a48c      0x3b8 C:/devkitPro/libogc/lib/wii\libfat.a(ff.o)
                0x80e3a48c                f_read
 .text.f_write  0x80e3a844      0x450 C:/devkitPro/libogc/lib/wii\libfat.a(ff.o)
                0x80e3a844                f_write
 .text.f_sync   0x80e3ac94      0x1cc C:/devkitPro/libogc/lib/wii\libfat.a(ff.o)
                0x80e3ac94                f_sync
 .text.f_close  0x80e3ae60       0x80 C:/devkitPro/libogc/lib/wii\libfat.a(ff.o)
                0x80e3ae60                f_close
 .text.f_chdir  0x80e3aee0      0x130 C:/devkitPro/libogc/lib/wii\libfat.a(ff.o)
                0x80e3aee0                f_chdir
 .text.f_lseek  0x80e3b010      0x33c C:/devkitPro/libogc/lib/wii\libfat.a(ff.o)
                0x80e3b010                f_lseek
 .text.f_opendir
                0x80e3b34c      0x194 C:/devkitPro/libogc/lib/wii\libfat.a(ff.o)
                0x80e3b34c                f_opendir
 .text.f_closedir
                0x80e3b4e0       0xb0 C:/devkitPro/libogc/lib/wii\libfat.a(ff.o)
                0x80e3b4e0                f_closedir
 .text.f_readdir
                0x80e3b590      0x150 C:/devkitPro/libogc/lib/wii\libfat.a(ff.o)
                0x80e3b590                f_readdir
 .text.f_stat   0x80e3b6e0      0x16c C:/devkitPro/libogc/lib/wii\libfat.a(ff.o)
                0x80e3b6e0                f_stat
 .text.f_getfree
                0x80e3b84c      0x220 C:/devkitPro/libogc/lib/wii\libfat.a(ff.o)
                0x80e3b84c                f_getfree
 .text.f_truncate
                0x80e3ba6c      0x214 C:/devkitPro/libogc/lib/wii\libfat.a(ff.o)
                0x80e3ba6c                f_truncate
 .text.f_unlink
                0x80e3bc80      0x1f8 C:/devkitPro/libogc/lib/wii\libfat.a(ff.o)